ARM Linker, 5.03 [Build 76] [MDK-ARM Lite]

==============================================================================

Section Cross References

    startup.o(STACK) refers (Special) to heapauxi.o(.text) for __use_two_region_memory
    startup.o(HEAP) refers (Special) to heapauxi.o(.text) for __use_two_region_memory
    startup.o(RESET) refers (Special) to heapauxi.o(.text) for __use_two_region_memory
    startup.o(RESET) refers to startup.o(STACK) for StackMem
    startup.o(RESET) refers to spaceinvaders.o(i.SysTick_Handler) for SysTick_Handler
    startup.o(RESET) refers to spaceinvaders.o(i.Timer2A_Handler) for Timer2A_Handler
    startup.o(RESET) refers to texas.o(i.Timer4A_Handler) for Timer4A_Handler
    startup.o(RESET) refers to texas.o(i.Timer5A_Handler) for Timer5A_Handler
    startup.o(RESET) refers to __main.o(!!!main) for __main
    startup.o(.text) refers (Special) to heapauxi.o(.text) for __use_two_region_memory
    startup.o(.text) refers to startup.o(HEAP) for HeapMem
    startup.o(.text) refers to startup.o(STACK) for StackMem
    nokia5110.o(i.Nokia5110_Clear) refers to nokia5110.o(i.lcdwrite) for lcdwrite
    nokia5110.o(i.Nokia5110_Clear) refers to nokia5110.o(i.Nokia5110_SetCursor) for Nokia5110_SetCursor
    nokia5110.o(i.Nokia5110_ClearBuffer) refers to nokia5110.o(.bss) for Screen
    nokia5110.o(i.Nokia5110_DisplayBuffer) refers to nokia5110.o(i.Nokia5110_DrawFullImage) for Nokia5110_DrawFullImage
    nokia5110.o(i.Nokia5110_DisplayBuffer) refers to nokia5110.o(.bss) for Screen
    nokia5110.o(i.Nokia5110_DrawFullImage) refers to nokia5110.o(i.Nokia5110_SetCursor) for Nokia5110_SetCursor
    nokia5110.o(i.Nokia5110_DrawFullImage) refers to nokia5110.o(i.lcdwrite) for lcdwrite
    nokia5110.o(i.Nokia5110_Init) refers to nokia5110.o(i.lcdwrite) for lcdwrite
    nokia5110.o(i.Nokia5110_OutChar) refers to nokia5110.o(i.lcdwrite) for lcdwrite
    nokia5110.o(i.Nokia5110_OutChar) refers to nokia5110.o(.constdata) for ASCII
    nokia5110.o(i.Nokia5110_OutString) refers to nokia5110.o(i.Nokia5110_OutChar) for Nokia5110_OutChar
    nokia5110.o(i.Nokia5110_OutUDec) refers to nokia5110.o(i.Nokia5110_OutString) for Nokia5110_OutString
    nokia5110.o(i.Nokia5110_OutUDec) refers to nokia5110.o(i.Nokia5110_OutChar) for Nokia5110_OutChar
    nokia5110.o(i.Nokia5110_PrintBMP) refers to nokia5110.o(.bss) for Screen
    nokia5110.o(i.Nokia5110_SetCursor) refers to nokia5110.o(i.lcdwrite) for lcdwrite
    random.o(.text) refers to random.o(DATA) for M
    spaceinvaders.o(i.SysTick_Handler) refers to adc.o(i.ADC0_In) for ADC0_In
    spaceinvaders.o(i.SysTick_Handler) refers to dflt_clz.o(x$fpl$dfltu) for __aeabi_ui2d
    spaceinvaders.o(i.SysTick_Handler) refers to dflt_clz.o(x$fpl$dflt) for __aeabi_i2d
    spaceinvaders.o(i.SysTick_Handler) refers to dmul.o(x$fpl$dmul) for __aeabi_dmul
    spaceinvaders.o(i.SysTick_Handler) refers to ddiv.o(x$fpl$ddiv) for __aeabi_ddiv
    spaceinvaders.o(i.SysTick_Handler) refers to graphics.o(i.SwitchPressEvent) for SwitchPressEvent
    spaceinvaders.o(i.SysTick_Handler) refers to daddsub_clz.o(x$fpl$dadd) for __aeabi_dadd
    spaceinvaders.o(i.SysTick_Handler) refers to daddsub_clz.o(x$fpl$dsub) for __aeabi_dsub
    spaceinvaders.o(i.SysTick_Handler) refers to graphics.o(i.Generate_Player_Missile) for Generate_Player_Missile
    spaceinvaders.o(i.SysTick_Handler) refers to graphics.o(i.Move_Missile) for Move_Missile
    spaceinvaders.o(i.SysTick_Handler) refers to graphics.o(i.CollisionCheck_EnemyMissile_Player) for CollisionCheck_EnemyMissile_Player
    spaceinvaders.o(i.SysTick_Handler) refers to graphics.o(i.CollisionCheck_PlayerMissile_Enemy) for CollisionCheck_PlayerMissile_Enemy
    spaceinvaders.o(i.SysTick_Handler) refers to spaceinvaders.o(.data) for Slider_x
    spaceinvaders.o(i.SysTick_Handler) refers to spaceinvaders.o(.constdata) for PlayerShip0
    spaceinvaders.o(i.Timer2A_Handler) refers to graphics.o(i.Generate_Enemey_Missile) for Generate_Enemey_Missile
    spaceinvaders.o(i.Timer2A_Handler) refers to graphics.o(i.EnemyHordeMove) for EnemyHordeMove
    spaceinvaders.o(i.Timer2A_Handler) refers to graphics.o(i.EnemyReSpawn) for EnemyReSpawn
    spaceinvaders.o(i.Timer2A_Handler) refers to graphics.o(i.PlayerReSpawn) for PlayerReSpawn
    spaceinvaders.o(i.Timer2A_Handler) refers to spaceinvaders.o(.data) for TimerCount
    spaceinvaders.o(i.Timer2_Init) refers to spaceinvaders.o(.data) for TimerCount
    spaceinvaders.o(i.main) refers to texas.o(i.TExaS_Init) for TExaS_Init
    spaceinvaders.o(i.main) refers to random.o(.text) for Random_Init
    spaceinvaders.o(i.main) refers to nokia5110.o(i.Nokia5110_Init) for Nokia5110_Init
    spaceinvaders.o(i.main) refers to nokia5110.o(i.Nokia5110_ClearBuffer) for Nokia5110_ClearBuffer
    spaceinvaders.o(i.main) refers to nokia5110.o(i.Nokia5110_DisplayBuffer) for Nokia5110_DisplayBuffer
    spaceinvaders.o(i.main) refers to adc.o(i.ADC0_Init) for ADC0_Init
    spaceinvaders.o(i.main) refers to spaceinvaders.o(i.SysTick_Init) for SysTick_Init
    spaceinvaders.o(i.main) refers to spaceinvaders.o(i.Timer2_Init) for Timer2_Init
    spaceinvaders.o(i.main) refers to graphics.o(i.Display_all) for Display_all
    spaceinvaders.o(i.main) refers to graphics.o(i.DisplayCollision) for DisplayCollision
    spaceinvaders.o(i.main) refers to spaceinvaders.o(.data) for Semaphore
    texas.o(i.SetCode) refers to texas.o(.bss) for TExaS
    texas.o(i.SetCourse) refers to texas.o(.bss) for TExaS
    texas.o(i.SetMode) refers to texas.o(.bss) for TExaS
    texas.o(i.StartTimer4) refers to texas.o(.data) for ScopeCount
    texas.o(i.TExaS_Init) refers to texas.o(i.PLL_Init) for PLL_Init
    texas.o(i.TExaS_Init) refers to texas.o(i.SetCourse) for SetCourse
    texas.o(i.TExaS_Init) refers to texas.o(i.UART0_Init) for UART0_Init
    texas.o(i.TExaS_Init) refers to texas.o(i.SetCode) for SetCode
    texas.o(i.TExaS_Init) refers to texas.o(i.ADC1_Init) for ADC1_Init
    texas.o(i.TExaS_Init) refers to texas.o(.constdata) for IntroMsg
    texas.o(i.TExaS_Init) refers to texas.o(.bss) for TExaS
    texas.o(i.TExaS_Init) refers to texas.o(.data) for LastMode
    texas.o(i.Timer5A_Handler) refers to texas.o(i.ADC1_In) for ADC1_In
    texas.o(i.Timer5A_Handler) refers to texas.o(.data) for TExaS_Period
    graphics.o(i.CollisionCheck_EnemyMissile_Player) refers to dflt_clz.o(x$fpl$dfltu) for __aeabi_ui2d
    graphics.o(i.CollisionCheck_EnemyMissile_Player) refers to dleqf.o(x$fpl$dleqf) for __aeabi_cdcmple
    graphics.o(i.CollisionCheck_EnemyMissile_Player) refers to daddsub_clz.o(x$fpl$dadd) for __aeabi_dadd
    graphics.o(i.CollisionCheck_EnemyMissile_Player) refers to graphics.o(.data) for PlayerShip
    graphics.o(i.CollisionCheck_EnemyMissile_Player) refers to graphics.o(.constdata) for Missile0
    graphics.o(i.CollisionCheck_PlayerMissile_Enemy) refers to graphics.o(.data) for EnemyRow
    graphics.o(i.CollisionCheck_PlayerMissile_Enemy) refers to graphics.o(.constdata) for SmallEnemy10PointA
    graphics.o(i.DisplayCollision) refers to dfixu.o(x$fpl$dfixu) for __aeabi_d2uiz
    graphics.o(i.DisplayCollision) refers to nokia5110.o(i.Nokia5110_PrintBMP) for Nokia5110_PrintBMP
    graphics.o(i.DisplayCollision) refers to nokia5110.o(i.Nokia5110_DisplayBuffer) for Nokia5110_DisplayBuffer
    graphics.o(i.DisplayCollision) refers to graphics.o(.constdata) for BigExplosion1
    graphics.o(i.DisplayCollision) refers to graphics.o(.data) for EnemyRow
    graphics.o(i.Display_all) refers to nokia5110.o(i.Nokia5110_ClearBuffer) for Nokia5110_ClearBuffer
    graphics.o(i.Display_all) refers to dfixu.o(x$fpl$dfixu) for __aeabi_d2uiz
    graphics.o(i.Display_all) refers to nokia5110.o(i.Nokia5110_PrintBMP) for Nokia5110_PrintBMP
    graphics.o(i.Display_all) refers to nokia5110.o(i.Nokia5110_DisplayBuffer) for Nokia5110_DisplayBuffer
    graphics.o(i.Display_all) refers to graphics.o(.data) for PlayerShip
    graphics.o(i.Display_all) refers to graphics.o(.constdata) for Missile0
    graphics.o(i.EnemyHordeMove) refers to graphics.o(.data) for EnemyRow
    graphics.o(i.EnemyReSpawn) refers to graphics.o(.data) for EnemyHordeLeftScreen
    graphics.o(i.EnemyReSpawn) refers to graphics.o(.constdata) for SmallEnemy10PointB
    graphics.o(i.Generate_Enemey_Missile) refers to random.o(.text) for Random32
    graphics.o(i.Generate_Enemey_Missile) refers to graphics.o(.data) for EnemyRow
    graphics.o(i.Generate_Enemey_Missile) refers to graphics.o(.constdata) for SmallEnemy10PointA
    graphics.o(i.Generate_Player_Missile) refers to dfixu.o(x$fpl$dfixu) for __aeabi_d2uiz
    graphics.o(i.Generate_Player_Missile) refers to graphics.o(.data) for PlayerMissile
    graphics.o(i.Move_Missile) refers to graphics.o(.data) for PlayerMissile
    graphics.o(i.PlayerReSpawn) refers to graphics.o(.data) for PlayerLives
    graphics.o(i.SwitchPressEvent) refers to graphics.o(.data) for SwitchOn_Curr
    graphics.o(.data) refers to graphics.o(.constdata) for SmallEnemy10PointB
    adc.o(i.ADC0_In) refers to spaceinvaders.o(.data) for ADC_flag
    adc.o(i.ADC0_Init) refers to adc.o(.data) for Delay
    __main.o(!!!main) refers to rtentry.o(.ARM.Collect$$rtentry$$00000000) for __rt_entry
    daddsub_clz.o(x$fpl$dadd) refers (Special) to usenofp.o(x$fpl$usenofp) for __I$use$fp
    daddsub_clz.o(x$fpl$dadd) refers to daddsub_clz.o(x$fpl$dsub) for _dsub1
    daddsub_clz.o(x$fpl$dadd) refers to dretinf.o(x$fpl$dretinf) for __fpl_dretinf
    daddsub_clz.o(x$fpl$dadd) refers to dnaninf.o(x$fpl$dnaninf) for __fpl_dnaninf
    daddsub_clz.o(x$fpl$drsb) refers (Special) to usenofp.o(x$fpl$usenofp) for __I$use$fp
    daddsub_clz.o(x$fpl$drsb) refers to daddsub_clz.o(x$fpl$dadd) for _dadd1
    daddsub_clz.o(x$fpl$drsb) refers to daddsub_clz.o(x$fpl$dsub) for _dsub1
    daddsub_clz.o(x$fpl$dsub) refers (Special) to usenofp.o(x$fpl$usenofp) for __I$use$fp
    daddsub_clz.o(x$fpl$dsub) refers to daddsub_clz.o(x$fpl$dadd) for _dadd1
    daddsub_clz.o(x$fpl$dsub) refers to dnaninf.o(x$fpl$dnaninf) for __fpl_dnaninf
    ddiv.o(x$fpl$drdiv) refers (Special) to usenofp.o(x$fpl$usenofp) for __I$use$fp
    ddiv.o(x$fpl$drdiv) refers to ddiv.o(x$fpl$ddiv) for ddiv_entry
    ddiv.o(x$fpl$ddiv) refers (Special) to usenofp.o(x$fpl$usenofp) for __I$use$fp
    ddiv.o(x$fpl$ddiv) refers to dretinf.o(x$fpl$dretinf) for __fpl_dretinf
    ddiv.o(x$fpl$ddiv) refers to dnaninf.o(x$fpl$dnaninf) for __fpl_dnaninf
    dfixu.o(x$fpl$dfixu) refers (Special) to usenofp.o(x$fpl$usenofp) for __I$use$fp
    dfixu.o(x$fpl$dfixu) refers to dnaninf.o(x$fpl$dnaninf) for __fpl_dnaninf
    dfixu.o(x$fpl$dfixur) refers (Special) to usenofp.o(x$fpl$usenofp) for __I$use$fp
    dfixu.o(x$fpl$dfixur) refers to dnaninf.o(x$fpl$dnaninf) for __fpl_dnaninf
    dflt_clz.o(x$fpl$dfltu) refers (Special) to usenofp.o(x$fpl$usenofp) for __I$use$fp
    dflt_clz.o(x$fpl$dflt) refers (Special) to usenofp.o(x$fpl$usenofp) for __I$use$fp
    dflt_clz.o(x$fpl$dfltn) refers (Special) to usenofp.o(x$fpl$usenofp) for __I$use$fp
    dleqf.o(x$fpl$dleqf) refers (Special) to usenofp.o(x$fpl$usenofp) for __I$use$fp
    dleqf.o(x$fpl$dleqf) refers to dnaninf.o(x$fpl$dnaninf) for __fpl_dnaninf
    dleqf.o(x$fpl$dleqf) refers to dcmpi.o(x$fpl$dcmpinf) for __fpl_dcmp_Inf
    dmul.o(x$fpl$dmul) refers (Special) to usenofp.o(x$fpl$usenofp) for __I$use$fp
    dmul.o(x$fpl$dmul) refers to dretinf.o(x$fpl$dretinf) for __fpl_dretinf
    dmul.o(x$fpl$dmul) refers to dnaninf.o(x$fpl$dnaninf) for __fpl_dnaninf
    rtentry.o(.ARM.Collect$$rtentry$$00000000) refers (Special) to rtentry2.o(.ARM.Collect$$rtentry$$0000000A) for __rt_entry_li
    rtentry.o(.ARM.Collect$$rtentry$$00000000) refers (Special) to rtentry2.o(.ARM.Collect$$rtentry$$0000000D) for __rt_entry_main
    rtentry.o(.ARM.Collect$$rtentry$$00000000) refers (Special) to rtentry2.o(.ARM.Collect$$rtentry$$0000000C) for __rt_entry_postli_1
    rtentry.o(.ARM.Collect$$rtentry$$00000000) refers (Special) to rtentry2.o(.ARM.Collect$$rtentry$$00000009) for __rt_entry_postsh_1
    rtentry.o(.ARM.Collect$$rtentry$$00000000) refers (Special) to rtentry2.o(.ARM.Collect$$rtentry$$00000002) for __rt_entry_presh_1
    rtentry.o(.ARM.Collect$$rtentry$$00000000) refers (Special) to rtentry4.o(.ARM.Collect$$rtentry$$00000004) for __rt_entry_sh
    dcmpi.o(x$fpl$dcmpinf) refers (Special) to usenofp.o(x$fpl$usenofp) for __I$use$fp
    dnaninf.o(x$fpl$dnaninf) refers (Special) to usenofp.o(x$fpl$usenofp) for __I$use$fp
    dretinf.o(x$fpl$dretinf) refers (Special) to usenofp.o(x$fpl$usenofp) for __I$use$fp
    rtentry2.o(.ARM.Collect$$rtentry$$00000008) refers to boardinit2.o(.text) for _platform_post_stackheap_init
    rtentry2.o(.ARM.Collect$$rtentry$$0000000A) refers to libinit.o(.ARM.Collect$$libinit$$00000000) for __rt_lib_init
    rtentry2.o(.ARM.Collect$$rtentry$$0000000B) refers to boardinit3.o(.text) for _platform_post_lib_init
    rtentry2.o(.ARM.Collect$$rtentry$$0000000D) refers to spaceinvaders.o(i.main) for main
    rtentry2.o(.ARM.Collect$$rtentry$$0000000D) refers to exit.o(.text) for exit
    rtentry2.o(.ARM.exidx) refers to rtentry2.o(.ARM.Collect$$rtentry$$00000001) for .ARM.Collect$$rtentry$$00000001
    rtentry2.o(.ARM.exidx) refers to rtentry2.o(.ARM.Collect$$rtentry$$00000008) for .ARM.Collect$$rtentry$$00000008
    rtentry2.o(.ARM.exidx) refers to rtentry2.o(.ARM.Collect$$rtentry$$0000000A) for .ARM.Collect$$rtentry$$0000000A
    rtentry2.o(.ARM.exidx) refers to rtentry2.o(.ARM.Collect$$rtentry$$0000000B) for .ARM.Collect$$rtentry$$0000000B
    rtentry2.o(.ARM.exidx) refers to rtentry2.o(.ARM.Collect$$rtentry$$0000000D) for .ARM.Collect$$rtentry$$0000000D
    rtentry4.o(.ARM.Collect$$rtentry$$00000004) refers to sys_stackheap_outer.o(.text) for __user_setup_stackheap
    rtentry4.o(.ARM.exidx) refers to rtentry4.o(.ARM.Collect$$rtentry$$00000004) for .ARM.Collect$$rtentry$$00000004
    sys_stackheap_outer.o(.text) refers to libspace.o(.text) for __user_perproc_libspace
    sys_stackheap_outer.o(.text) refers to startup.o(.text) for __user_initial_stackheap
    exit.o(.text) refers to rtexit.o(.ARM.Collect$$rtexit$$00000000) for __rt_exit
    libinit.o(.ARM.Collect$$libinit$$00000000) refers (Special) to libinit2.o(.ARM.Collect$$libinit$$0000002C) for __rt_lib_init_alloca_1
    libinit.o(.ARM.Collect$$libinit$$00000000) refers (Special) to libinit2.o(.ARM.Collect$$libinit$$0000002A) for __rt_lib_init_argv_1
    libinit.o(.ARM.Collect$$libinit$$00000000) refers (Special) to libinit2.o(.ARM.Collect$$libinit$$00000019) for __rt_lib_init_atexit_1
    libinit.o(.ARM.Collect$$libinit$$00000000) refers (Special) to libinit2.o(.ARM.Collect$$libinit$$0000001F) for __rt_lib_init_clock_1
    libinit.o(.ARM.Collect$$libinit$$00000000) refers (Special) to libinit2.o(.ARM.Collect$$libinit$$00000030) for __rt_lib_init_cpp_1
    libinit.o(.ARM.Collect$$libinit$$00000000) refers (Special) to libinit2.o(.ARM.Collect$$libinit$$0000002E) for __rt_lib_init_exceptions_1
    libinit.o(.ARM.Collect$$libinit$$00000000) refers (Special) to libinit2.o(.ARM.Collect$$libinit$$00000002) for __rt_lib_init_fp_1
    libinit.o(.ARM.Collect$$libinit$$00000000) refers (Special) to libinit2.o(.ARM.Collect$$libinit$$0000001D) for __rt_lib_init_fp_trap_1
    libinit.o(.ARM.Collect$$libinit$$00000000) refers (Special) to libinit2.o(.ARM.Collect$$libinit$$00000021) for __rt_lib_init_getenv_1
    libinit.o(.ARM.Collect$$libinit$$00000000) refers (Special) to libinit2.o(.ARM.Collect$$libinit$$00000008) for __rt_lib_init_heap_1
    libinit.o(.ARM.Collect$$libinit$$00000000) refers (Special) to libinit2.o(.ARM.Collect$$libinit$$0000000F) for __rt_lib_init_lc_collate_1
    libinit.o(.ARM.Collect$$libinit$$00000000) refers (Special) to libinit2.o(.ARM.Collect$$libinit$$00000011) for __rt_lib_init_lc_ctype_1
    libinit.o(.ARM.Collect$$libinit$$00000000) refers (Special) to libinit2.o(.ARM.Collect$$libinit$$00000013) for __rt_lib_init_lc_monetary_1
    libinit.o(.ARM.Collect$$libinit$$00000000) refers (Special) to libinit2.o(.ARM.Collect$$libinit$$00000015) for __rt_lib_init_lc_numeric_1
    libinit.o(.ARM.Collect$$libinit$$00000000) refers (Special) to libinit2.o(.ARM.Collect$$libinit$$00000017) for __rt_lib_init_lc_time_1
    libinit.o(.ARM.Collect$$libinit$$00000000) refers (Special) to libinit2.o(.ARM.Collect$$libinit$$0000000C) for __rt_lib_init_rand_1
    libinit.o(.ARM.Collect$$libinit$$00000000) refers (Special) to libinit2.o(.ARM.Collect$$libinit$$00000031) for __rt_lib_init_return
    libinit.o(.ARM.Collect$$libinit$$00000000) refers (Special) to libinit2.o(.ARM.Collect$$libinit$$0000001B) for __rt_lib_init_signal_1
    libinit.o(.ARM.Collect$$libinit$$00000000) refers (Special) to libinit2.o(.ARM.Collect$$libinit$$00000023) for __rt_lib_init_stdio_1
    libinit.o(.ARM.Collect$$libinit$$00000000) refers (Special) to libinit2.o(.ARM.Collect$$libinit$$0000000A) for __rt_lib_init_user_alloc_1
    libspace.o(.text) refers to libspace.o(.bss) for __libspace_start
    rtexit.o(.ARM.Collect$$rtexit$$00000000) refers (Special) to rtexit2.o(.ARM.Collect$$rtexit$$00000004) for __rt_exit_exit
    rtexit.o(.ARM.Collect$$rtexit$$00000000) refers (Special) to rtexit2.o(.ARM.Collect$$rtexit$$00000003) for __rt_exit_ls
    rtexit.o(.ARM.Collect$$rtexit$$00000000) refers (Special) to rtexit2.o(.ARM.Collect$$rtexit$$00000002) for __rt_exit_prels_1
    rtexit.o(.ARM.exidx) refers (Special) to rtexit2.o(.ARM.Collect$$rtexit$$00000004) for __rt_exit_exit
    rtexit.o(.ARM.exidx) refers (Special) to rtexit2.o(.ARM.Collect$$rtexit$$00000003) for __rt_exit_ls
    rtexit.o(.ARM.exidx) refers (Special) to rtexit2.o(.ARM.Collect$$rtexit$$00000002) for __rt_exit_prels_1
    rtexit.o(.ARM.exidx) refers to rtexit.o(.ARM.Collect$$rtexit$$00000000) for .ARM.Collect$$rtexit$$00000000
    libinit2.o(.ARM.Collect$$libinit$$0000000E) refers to libinit2.o(.ARM.Collect$$libinit$$0000000D) for .ARM.Collect$$libinit$$0000000D
    libinit2.o(.ARM.Collect$$libinit$$00000010) refers to libinit2.o(.ARM.Collect$$libinit$$0000000D) for .ARM.Collect$$libinit$$0000000D
    libinit2.o(.ARM.Collect$$libinit$$00000012) refers to libinit2.o(.ARM.Collect$$libinit$$0000000D) for .ARM.Collect$$libinit$$0000000D
    libinit2.o(.ARM.Collect$$libinit$$00000014) refers to libinit2.o(.ARM.Collect$$libinit$$0000000D) for .ARM.Collect$$libinit$$0000000D
    libinit2.o(.ARM.Collect$$libinit$$00000016) refers to libinit2.o(.ARM.Collect$$libinit$$0000000D) for .ARM.Collect$$libinit$$0000000D
    libinit2.o(.ARM.Collect$$libinit$$00000024) refers to argv_veneer.o(.emb_text) for __ARM_argv_veneer
    libinit2.o(.ARM.Collect$$libinit$$00000025) refers to argv_veneer.o(.emb_text) for __ARM_argv_veneer
    rtexit2.o(.ARM.Collect$$rtexit$$00000003) refers to libshutdown.o(.ARM.Collect$$libshutdown$$00000000) for __rt_lib_shutdown
    rtexit2.o(.ARM.Collect$$rtexit$$00000004) refers to sys_exit.o(.text) for _sys_exit
    rtexit2.o(.ARM.exidx) refers to rtexit2.o(.ARM.Collect$$rtexit$$00000001) for .ARM.Collect$$rtexit$$00000001
    rtexit2.o(.ARM.exidx) refers to rtexit2.o(.ARM.Collect$$rtexit$$00000003) for .ARM.Collect$$rtexit$$00000003
    rtexit2.o(.ARM.exidx) refers to rtexit2.o(.ARM.Collect$$rtexit$$00000004) for .ARM.Collect$$rtexit$$00000004
    argv_veneer.o(.emb_text) refers to no_argv.o(.text) for __ARM_get_argv
    sys_exit.o(.text) refers (Special) to use_no_semi.o(.text) for __I$use$semihosting
    sys_exit.o(.text) refers (Special) to indicate_semi.o(.text) for __semihosting_library_function
    _get_argv_nomalloc.o(.text) refers (Special) to hrguard.o(.text) for __heap_region$guard
    _get_argv_nomalloc.o(.text) refers to defsig_rtmem_outer.o(.text) for __rt_SIGRTMEM
    _get_argv_nomalloc.o(.text) refers to sys_command.o(.text) for _sys_command_string
    libshutdown.o(.ARM.Collect$$libshutdown$$00000000) refers (Special) to libshutdown2.o(.ARM.Collect$$libshutdown$$00000006) for __rt_lib_shutdown_fp_trap_1
    libshutdown.o(.ARM.Collect$$libshutdown$$00000000) refers (Special) to libshutdown2.o(.ARM.Collect$$libshutdown$$0000000E) for __rt_lib_shutdown_heap_1
    libshutdown.o(.ARM.Collect$$libshutdown$$00000000) refers (Special) to libshutdown2.o(.ARM.Collect$$libshutdown$$0000000F) for __rt_lib_shutdown_return
    libshutdown.o(.ARM.Collect$$libshutdown$$00000000) refers (Special) to libshutdown2.o(.ARM.Collect$$libshutdown$$00000009) for __rt_lib_shutdown_signal_1
    libshutdown.o(.ARM.Collect$$libshutdown$$00000000) refers (Special) to libshutdown2.o(.ARM.Collect$$libshutdown$$00000003) for __rt_lib_shutdown_stdio_1
    libshutdown.o(.ARM.Collect$$libshutdown$$00000000) refers (Special) to libshutdown2.o(.ARM.Collect$$libshutdown$$0000000B) for __rt_lib_shutdown_user_alloc_1
    sys_command.o(.text) refers (Special) to use_no_semi.o(.text) for __I$use$semihosting
    sys_command.o(.text) refers (Special) to indicate_semi.o(.text) for __semihosting_library_function
    defsig_rtmem_outer.o(.text) refers to defsig_rtmem_inner.o(.text) for __rt_SIGRTMEM_inner
    defsig_rtmem_outer.o(.text) refers to defsig_exit.o(.text) for __sig_exit
    defsig_rtmem_formal.o(.text) refers to rt_raise.o(.text) for __rt_raise
    rt_raise.o(.text) refers to __raise.o(.text) for __raise
    rt_raise.o(.text) refers to sys_exit.o(.text) for _sys_exit
    defsig_exit.o(.text) refers to sys_exit.o(.text) for _sys_exit
    defsig_rtmem_inner.o(.text) refers to defsig_general.o(.text) for __default_signal_display
    __raise.o(.text) refers to defsig.o(CL$$defsig) for __default_signal_handler
    defsig_general.o(.text) refers to sys_wrch.o(.text) for _ttywrch
    sys_wrch.o(.text) refers (Special) to use_no_semi.o(.text) for __I$use$semihosting
    sys_wrch.o(.text) refers (Special) to indicate_semi.o(.text) for __semihosting_library_function
    defsig.o(CL$$defsig) refers to defsig_rtmem_inner.o(.text) for __rt_SIGRTMEM_inner
    defsig_abrt_inner.o(.text) refers to defsig_general.o(.text) for __default_signal_display
    defsig_fpe_inner.o(.text) refers to defsig_general.o(.text) for __default_signal_display
    defsig_rtred_inner.o(.text) refers to defsig_general.o(.text) for __default_signal_display
    defsig_stak_inner.o(.text) refers to defsig_general.o(.text) for __default_signal_display
    defsig_pvfn_inner.o(.text) refers to defsig_general.o(.text) for __default_signal_display
    defsig_cppl_inner.o(.text) refers to defsig_general.o(.text) for __default_signal_display
    defsig_segv_inner.o(.text) refers to defsig_general.o(.text) for __default_signal_display
    defsig_other.o(.text) refers to defsig_general.o(.text) for __default_signal_display


==============================================================================

Removing Unused input sections from the image.

    Removing nokia5110.o(i.Nokia5110_Clear), (32 bytes).
    Removing nokia5110.o(i.Nokia5110_OutChar), (56 bytes).
    Removing nokia5110.o(i.Nokia5110_OutString), (22 bytes).
    Removing nokia5110.o(i.Nokia5110_OutUDec), (412 bytes).
    Removing nokia5110.o(.constdata), (480 bytes).
    Removing texas.o(i.SetMode), (24 bytes).
    Removing texas.o(i.StartTimer4), (36 bytes).
    Removing texas.o(i.StopTimer4), (24 bytes).
    Removing texas.o(i.TExaS_Stop), (28 bytes).
    Removing texas.o(i.UART0_InChar), (24 bytes).
    Removing texas.o(i.UART0_InCharNonBlocking), (28 bytes).
    Removing texas.o(i.UART0_OutChar), (24 bytes).
    Removing texas.o(i.UART0_OutCharNonBlock), (12 bytes).
    Removing texas.o(i.copy), (18 bytes).
    Removing graphics.o(i.Delay100ms), (36 bytes).

15 unused section(s) (total 1256 bytes) removed from the image.

==============================================================================

Image Symbol Table

    Local Symbols

    Symbol Name                              Value     Ov Type        Size  Object(Section)

    RESET                                    0x00000000   Section      644  startup.o(RESET)
    ../clib/angel/boardlib.s                 0x00000000   Number         0  boardinit3.o ABSOLUTE
    ../clib/angel/boardlib.s                 0x00000000   Number         0  boardinit1.o ABSOLUTE
    ../clib/angel/boardlib.s                 0x00000000   Number         0  boardinit2.o ABSOLUTE
    ../clib/angel/boardlib.s                 0x00000000   Number         0  boardshut.o ABSOLUTE
    ../clib/angel/dczerorl2.s                0x00000000   Number         0  __dczerorl2.o ABSOLUTE
    ../clib/angel/handlers.s                 0x00000000   Number         0  __scatter_zi.o ABSOLUTE
    ../clib/angel/kernel.s                   0x00000000   Number         0  rtexit2.o ABSOLUTE
    ../clib/angel/kernel.s                   0x00000000   Number         0  rtexit.o ABSOLUTE
    ../clib/angel/kernel.s                   0x00000000   Number         0  rtentry4.o ABSOLUTE
    ../clib/angel/kernel.s                   0x00000000   Number         0  rtentry2.o ABSOLUTE
    ../clib/angel/kernel.s                   0x00000000   Number         0  rtentry.o ABSOLUTE
    ../clib/angel/rt.s                       0x00000000   Number         0  rt_raise.o ABSOLUTE
    ../clib/angel/scatter.s                  0x00000000   Number         0  __scatter.o ABSOLUTE
    ../clib/angel/startup.s                  0x00000000   Number         0  __main.o ABSOLUTE
    ../clib/angel/sys.s                      0x00000000   Number         0  indicate_semi.o ABSOLUTE
    ../clib/angel/sys.s                      0x00000000   Number         0  libspace.o ABSOLUTE
    ../clib/angel/sys.s                      0x00000000   Number         0  use_no_semi.o ABSOLUTE
    ../clib/angel/sys.s                      0x00000000   Number         0  sys_stackheap_outer.o ABSOLUTE
    ../clib/angel/sysapp.c                   0x00000000   Number         0  sys_wrch.o ABSOLUTE
    ../clib/angel/sysapp.c                   0x00000000   Number         0  sys_command.o ABSOLUTE
    ../clib/angel/sysapp.c                   0x00000000   Number         0  sys_exit.o ABSOLUTE
    ../clib/armsys.c                         0x00000000   Number         0  argv_veneer.o ABSOLUTE
    ../clib/armsys.c                         0x00000000   Number         0  argv_veneer.o ABSOLUTE
    ../clib/armsys.c                         0x00000000   Number         0  no_argv.o ABSOLUTE
    ../clib/armsys.c                         0x00000000   Number         0  _get_argv_nomalloc.o ABSOLUTE
    ../clib/heapalloc.c                      0x00000000   Number         0  hrguard.o ABSOLUTE
    ../clib/heapaux.c                        0x00000000   Number         0  heapauxi.o ABSOLUTE
    ../clib/libinit.s                        0x00000000   Number         0  libinit2.o ABSOLUTE
    ../clib/libinit.s                        0x00000000   Number         0  libshutdown2.o ABSOLUTE
    ../clib/libinit.s                        0x00000000   Number         0  libshutdown.o ABSOLUTE
    ../clib/libinit.s                        0x00000000   Number         0  libinit.o ABSOLUTE
    ../clib/signal.c                         0x00000000   Number         0  defsig_pvfn_inner.o ABSOLUTE
    ../clib/signal.c                         0x00000000   Number         0  defsig_cppl_inner.o ABSOLUTE
    ../clib/signal.c                         0x00000000   Number         0  defsig_other.o ABSOLUTE
    ../clib/signal.c                         0x00000000   Number         0  defsig_fpe_inner.o ABSOLUTE
    ../clib/signal.c                         0x00000000   Number         0  defsig_rtred_inner.o ABSOLUTE
    ../clib/signal.c                         0x00000000   Number         0  defsig_general.o ABSOLUTE
    ../clib/signal.c                         0x00000000   Number         0  __raise.o ABSOLUTE
    ../clib/signal.c                         0x00000000   Number         0  defsig_exit.o ABSOLUTE
    ../clib/signal.c                         0x00000000   Number         0  defsig_stak_inner.o ABSOLUTE
    ../clib/signal.c                         0x00000000   Number         0  defsig_abrt_inner.o ABSOLUTE
    ../clib/signal.c                         0x00000000   Number         0  defsig_rtmem_formal.o ABSOLUTE
    ../clib/signal.c                         0x00000000   Number         0  defsig_rtmem_inner.o ABSOLUTE
    ../clib/signal.c                         0x00000000   Number         0  defsig_rtmem_outer.o ABSOLUTE
    ../clib/signal.c                         0x00000000   Number         0  defsig_segv_inner.o ABSOLUTE
    ../clib/signal.s                         0x00000000   Number         0  defsig.o ABSOLUTE
    ../clib/stdlib.c                         0x00000000   Number         0  exit.o ABSOLUTE
    ../fplib/daddsub.s                       0x00000000   Number         0  daddsub_clz.o ABSOLUTE
    ../fplib/dcmpi.s                         0x00000000   Number         0  dcmpi.o ABSOLUTE
    ../fplib/ddiv.s                          0x00000000   Number         0  ddiv.o ABSOLUTE
    ../fplib/dfixu.s                         0x00000000   Number         0  dfixu.o ABSOLUTE
    ../fplib/dflt.s                          0x00000000   Number         0  dflt_clz.o ABSOLUTE
    ../fplib/dleqf.s                         0x00000000   Number         0  dleqf.o ABSOLUTE
    ../fplib/dmul.s                          0x00000000   Number         0  dmul.o ABSOLUTE
    ../fplib/dnaninf.s                       0x00000000   Number         0  dnaninf.o ABSOLUTE
    ../fplib/dretinf.s                       0x00000000   Number         0  dretinf.o ABSOLUTE
    ../fplib/fpinit.s                        0x00000000   Number         0  fpinit.o ABSOLUTE
    ../fplib/usenofp.s                       0x00000000   Number         0  usenofp.o ABSOLUTE
    ADC.c                                    0x00000000   Number         0  adc.o ABSOLUTE
    Nokia5110.c                              0x00000000   Number         0  nokia5110.o ABSOLUTE
    SpaceInvaders.c                          0x00000000   Number         0  spaceinvaders.o ABSOLUTE
    TExaS.c                                  0x00000000   Number         0  texas.o ABSOLUTE
    dc.s                                     0x00000000   Number         0  dc.o ABSOLUTE
    graphics.c                               0x00000000   Number         0  graphics.o ABSOLUTE
    random.s                                 0x00000000   Number         0  random.o ABSOLUTE
    startup.s                                0x00000000   Number         0  startup.o ABSOLUTE
    !!!main                                  0x00000284   Section        8  __main.o(!!!main)
    !!!scatter                               0x0000028c   Section       52  __scatter.o(!!!scatter)
    !!dczerorl2                              0x000002c0   Section       90  __dczerorl2.o(!!dczerorl2)
    !!handler_zi                             0x0000031c   Section       28  __scatter_zi.o(!!handler_zi)
    .ARM.Collect$$libinit$$00000000          0x00000338   Section        2  libinit.o(.ARM.Collect$$libinit$$00000000)
    .ARM.Collect$$libinit$$00000002          0x0000033a   Section        0  libinit2.o(.ARM.Collect$$libinit$$00000002)
    .ARM.Collect$$libinit$$00000008          0x0000033a   Section        0  libinit2.o(.ARM.Collect$$libinit$$00000008)
    .ARM.Collect$$libinit$$0000000A          0x0000033a   Section        0  libinit2.o(.ARM.Collect$$libinit$$0000000A)
    .ARM.Collect$$libinit$$0000000C          0x0000033a   Section        0  libinit2.o(.ARM.Collect$$libinit$$0000000C)
    .ARM.Collect$$libinit$$0000000F          0x0000033a   Section        0  libinit2.o(.ARM.Collect$$libinit$$0000000F)
    .ARM.Collect$$libinit$$00000011          0x0000033a   Section        0  libinit2.o(.ARM.Collect$$libinit$$00000011)
    .ARM.Collect$$libinit$$00000013          0x0000033a   Section        0  libinit2.o(.ARM.Collect$$libinit$$00000013)
    .ARM.Collect$$libinit$$00000015          0x0000033a   Section        0  libinit2.o(.ARM.Collect$$libinit$$00000015)
    .ARM.Collect$$libinit$$00000017          0x0000033a   Section        0  libinit2.o(.ARM.Collect$$libinit$$00000017)
    .ARM.Collect$$libinit$$00000019          0x0000033a   Section        0  libinit2.o(.ARM.Collect$$libinit$$00000019)
    .ARM.Collect$$libinit$$0000001B          0x0000033a   Section        0  libinit2.o(.ARM.Collect$$libinit$$0000001B)
    .ARM.Collect$$libinit$$0000001D          0x0000033a   Section        0  libinit2.o(.ARM.Collect$$libinit$$0000001D)
    .ARM.Collect$$libinit$$0000001F          0x0000033a   Section        0  libinit2.o(.ARM.Collect$$libinit$$0000001F)
    .ARM.Collect$$libinit$$00000021          0x0000033a   Section        0  libinit2.o(.ARM.Collect$$libinit$$00000021)
    .ARM.Collect$$libinit$$00000023          0x0000033a   Section        0  libinit2.o(.ARM.Collect$$libinit$$00000023)
    .ARM.Collect$$libinit$$0000002A          0x0000033a   Section        0  libinit2.o(.ARM.Collect$$libinit$$0000002A)
    .ARM.Collect$$libinit$$0000002C          0x0000033a   Section        0  libinit2.o(.ARM.Collect$$libinit$$0000002C)
    .ARM.Collect$$libinit$$0000002E          0x0000033a   Section        0  libinit2.o(.ARM.Collect$$libinit$$0000002E)
    .ARM.Collect$$libinit$$00000030          0x0000033a   Section        0  libinit2.o(.ARM.Collect$$libinit$$00000030)
    .ARM.Collect$$libinit$$00000031          0x0000033a   Section        2  libinit2.o(.ARM.Collect$$libinit$$00000031)
    .ARM.Collect$$libshutdown$$00000000      0x0000033c   Section        2  libshutdown.o(.ARM.Collect$$libshutdown$$00000000)
    .ARM.Collect$$libshutdown$$00000003      0x0000033e   Section        0  libshutdown2.o(.ARM.Collect$$libshutdown$$00000003)
    .ARM.Collect$$libshutdown$$00000006      0x0000033e   Section        0  libshutdown2.o(.ARM.Collect$$libshutdown$$00000006)
    .ARM.Collect$$libshutdown$$00000009      0x0000033e   Section        0  libshutdown2.o(.ARM.Collect$$libshutdown$$00000009)
    .ARM.Collect$$libshutdown$$0000000B      0x0000033e   Section        0  libshutdown2.o(.ARM.Collect$$libshutdown$$0000000B)
    .ARM.Collect$$libshutdown$$0000000E      0x0000033e   Section        0  libshutdown2.o(.ARM.Collect$$libshutdown$$0000000E)
    .ARM.Collect$$libshutdown$$0000000F      0x0000033e   Section        2  libshutdown2.o(.ARM.Collect$$libshutdown$$0000000F)
    .ARM.Collect$$rtentry$$00000000          0x00000340   Section        0  rtentry.o(.ARM.Collect$$rtentry$$00000000)
    .ARM.Collect$$rtentry$$00000002          0x00000340   Section        0  rtentry2.o(.ARM.Collect$$rtentry$$00000002)
    .ARM.Collect$$rtentry$$00000004          0x00000340   Section        6  rtentry4.o(.ARM.Collect$$rtentry$$00000004)
    .ARM.Collect$$rtentry$$00000009          0x00000346   Section        0  rtentry2.o(.ARM.Collect$$rtentry$$00000009)
    .ARM.Collect$$rtentry$$0000000A          0x00000346   Section        4  rtentry2.o(.ARM.Collect$$rtentry$$0000000A)
    .ARM.Collect$$rtentry$$0000000C          0x0000034a   Section        0  rtentry2.o(.ARM.Collect$$rtentry$$0000000C)
    .ARM.Collect$$rtentry$$0000000D          0x0000034a   Section        8  rtentry2.o(.ARM.Collect$$rtentry$$0000000D)
    .ARM.Collect$$rtexit$$00000000           0x00000352   Section        2  rtexit.o(.ARM.Collect$$rtexit$$00000000)
    .ARM.Collect$$rtexit$$00000002           0x00000354   Section        0  rtexit2.o(.ARM.Collect$$rtexit$$00000002)
    .ARM.Collect$$rtexit$$00000003           0x00000354   Section        4  rtexit2.o(.ARM.Collect$$rtexit$$00000003)
    .ARM.Collect$$rtexit$$00000004           0x00000358   Section        6  rtexit2.o(.ARM.Collect$$rtexit$$00000004)
    .text                                    0x00000360   Section       48  startup.o(.text)
    .text                                    0x00000390   Section       64  random.o(.text)
    .text                                    0x000003d0   Section        0  heapauxi.o(.text)
    .text                                    0x000003d6   Section       74  sys_stackheap_outer.o(.text)
    .text                                    0x00000420   Section        0  exit.o(.text)
    .text                                    0x0000042c   Section        8  libspace.o(.text)
    .text                                    0x00000434   Section        0  sys_exit.o(.text)
    .text                                    0x00000440   Section        2  use_no_semi.o(.text)
    .text                                    0x00000442   Section        0  indicate_semi.o(.text)
    i.ADC0_In                                0x00000444   Section        0  adc.o(i.ADC0_In)
    i.ADC0_Init                              0x00000488   Section        0  adc.o(i.ADC0_Init)
    i.ADC1_In                                0x0000058c   Section        0  texas.o(i.ADC1_In)
    i.ADC1_Init                              0x00000598   Section        0  texas.o(i.ADC1_Init)
    i.CollisionCheck_EnemyMissile_Player     0x0000066c   Section        0  graphics.o(i.CollisionCheck_EnemyMissile_Player)
    i.CollisionCheck_PlayerMissile_Enemy     0x00000764   Section        0  graphics.o(i.CollisionCheck_PlayerMissile_Enemy)
    i.DisplayCollision                       0x00000864   Section        0  graphics.o(i.DisplayCollision)
    i.Display_all                            0x000008cc   Section        0  graphics.o(i.Display_all)
    i.EnemyHordeMove                         0x000009b4   Section        0  graphics.o(i.EnemyHordeMove)
    i.EnemyReSpawn                           0x00000a68   Section        0  graphics.o(i.EnemyReSpawn)
    i.Generate_Enemey_Missile                0x00000b24   Section        0  graphics.o(i.Generate_Enemey_Missile)
    i.Generate_Player_Missile                0x00000b84   Section        0  graphics.o(i.Generate_Player_Missile)
    i.Move_Missile                           0x00000bd0   Section        0  graphics.o(i.Move_Missile)
    i.Nokia5110_ClearBuffer                  0x00000c44   Section        0  nokia5110.o(i.Nokia5110_ClearBuffer)
    i.Nokia5110_DisplayBuffer                0x00000c5c   Section        0  nokia5110.o(i.Nokia5110_DisplayBuffer)
    i.Nokia5110_DrawFullImage                0x00000c6c   Section        0  nokia5110.o(i.Nokia5110_DrawFullImage)
    i.Nokia5110_Init                         0x00000c90   Section        0  nokia5110.o(i.Nokia5110_Init)
    i.Nokia5110_PrintBMP                     0x00000dfc   Section        0  nokia5110.o(i.Nokia5110_PrintBMP)
    i.Nokia5110_SetCursor                    0x00000fa4   Section        0  nokia5110.o(i.Nokia5110_SetCursor)
    i.PLL_Init                               0x00000fd4   Section        0  texas.o(i.PLL_Init)
    i.PlayerReSpawn                          0x00001050   Section        0  graphics.o(i.PlayerReSpawn)
    i.SetCode                                0x00001068   Section        0  texas.o(i.SetCode)
    i.SetCourse                              0x00001080   Section        0  texas.o(i.SetCourse)
    i.SwitchPressEvent                       0x00001098   Section        0  graphics.o(i.SwitchPressEvent)
    i.SysTick_Handler                        0x00001104   Section        0  spaceinvaders.o(i.SysTick_Handler)
    i.SysTick_Init                           0x000011dc   Section        0  spaceinvaders.o(i.SysTick_Init)
    i.TExaS_Init                             0x00001210   Section        0  texas.o(i.TExaS_Init)
    i.Timer2A_Handler                        0x000013d4   Section        0  spaceinvaders.o(i.Timer2A_Handler)
    i.Timer2_Init                            0x00001450   Section        0  spaceinvaders.o(i.Timer2_Init)
    i.Timer4A_Handler                        0x000014c0   Section        0  texas.o(i.Timer4A_Handler)
    i.Timer5A_Handler                        0x000014e0   Section        0  texas.o(i.Timer5A_Handler)
    i.UART0_Init                             0x00001510   Section        0  texas.o(i.UART0_Init)
    i.lcdwrite                               0x000015d0   Section        0  nokia5110.o(i.lcdwrite)
    lcdwrite                                 0x000015d1   Thumb Code    66  nokia5110.o(i.lcdwrite)
    i.main                                   0x0000161c   Section        0  spaceinvaders.o(i.main)
    x$fpl$dadd                               0x00001694   Section      336  daddsub_clz.o(x$fpl$dadd)
    _dadd1                                   0x000016a5   Thumb Code     0  daddsub_clz.o(x$fpl$dadd)
    x$fpl$dcmpinf                            0x000017e4   Section       24  dcmpi.o(x$fpl$dcmpinf)
    x$fpl$ddiv                               0x000017fc   Section      688  ddiv.o(x$fpl$ddiv)
    ddiv_entry                               0x00001803   Thumb Code     0  ddiv.o(x$fpl$ddiv)
    x$fpl$dfixu                              0x00001aac   Section       90  dfixu.o(x$fpl$dfixu)
    x$fpl$dflt                               0x00001b06   Section       46  dflt_clz.o(x$fpl$dflt)
    x$fpl$dfltu                              0x00001b34   Section       38  dflt_clz.o(x$fpl$dfltu)
    x$fpl$dleqf                              0x00001b5c   Section      120  dleqf.o(x$fpl$dleqf)
    x$fpl$dmul                               0x00001bd4   Section      340  dmul.o(x$fpl$dmul)
    x$fpl$dnaninf                            0x00001d28   Section      156  dnaninf.o(x$fpl$dnaninf)
    x$fpl$dretinf                            0x00001dc4   Section       12  dretinf.o(x$fpl$dretinf)
    x$fpl$dsub                               0x00001dd0   Section      468  daddsub_clz.o(x$fpl$dsub)
    _dsub1                                   0x00001de1   Thumb Code     0  daddsub_clz.o(x$fpl$dsub)
    .constdata                               0x00001fa4   Section     4411  spaceinvaders.o(.constdata)
    x$fpl$usenofp                            0x00001fa4   Section        0  usenofp.o(x$fpl$usenofp)
    ASCII                                    0x00001fa4   Data         480  spaceinvaders.o(.constdata)
    SmallEnemy30PointA                       0x00002184   Data         199  spaceinvaders.o(.constdata)
    SmallEnemy30PointB                       0x0000224b   Data         199  spaceinvaders.o(.constdata)
    SmallEnemy20PointA                       0x00002312   Data         199  spaceinvaders.o(.constdata)
    SmallEnemy20PointB                       0x000023d9   Data         199  spaceinvaders.o(.constdata)
    SmallEnemy10PointA                       0x000024a0   Data         199  spaceinvaders.o(.constdata)
    SmallEnemy10PointB                       0x00002567   Data         199  spaceinvaders.o(.constdata)
    PlayerShip0                              0x0000262e   Data         215  spaceinvaders.o(.constdata)
    SmallEnemyBonus0                         0x00002705   Data         203  spaceinvaders.o(.constdata)
    Bunker0                                  0x000027d0   Data         179  spaceinvaders.o(.constdata)
    Bunker1                                  0x00002883   Data         179  spaceinvaders.o(.constdata)
    Bunker2                                  0x00002936   Data         179  spaceinvaders.o(.constdata)
    Bunker3                                  0x000029e9   Data         179  spaceinvaders.o(.constdata)
    BigExplosion0                            0x00002a9c   Data         215  spaceinvaders.o(.constdata)
    BigExplosion1                            0x00002b73   Data         215  spaceinvaders.o(.constdata)
    SmallExplosion0                          0x00002c4a   Data         199  spaceinvaders.o(.constdata)
    SmallExplosion1                          0x00002d11   Data         199  spaceinvaders.o(.constdata)
    Missile0                                 0x00002dd8   Data         155  spaceinvaders.o(.constdata)
    Missile1                                 0x00002e73   Data         155  spaceinvaders.o(.constdata)
    Missile2                                 0x00002f0e   Data         155  spaceinvaders.o(.constdata)
    Laser0                                   0x00002fa9   Data         155  spaceinvaders.o(.constdata)
    Laser1                                   0x00003044   Data         155  spaceinvaders.o(.constdata)
    .constdata                               0x000030df   Section      360  texas.o(.constdata)
    .constdata                               0x00003247   Section     4411  graphics.o(.constdata)
    SmallEnemy30PointA                       0x00003247   Data         199  graphics.o(.constdata)
    SmallEnemy30PointB                       0x0000330e   Data         199  graphics.o(.constdata)
    SmallEnemy20PointA                       0x000033d5   Data         199  graphics.o(.constdata)
    SmallEnemy20PointB                       0x0000349c   Data         199  graphics.o(.constdata)
    SmallEnemy10PointA                       0x00003563   Data         199  graphics.o(.constdata)
    SmallEnemy10PointB                       0x0000362a   Data         199  graphics.o(.constdata)
    PlayerShip0                              0x000036f1   Data         215  graphics.o(.constdata)
    SmallEnemyBonus0                         0x000037c8   Data         203  graphics.o(.constdata)
    Bunker0                                  0x00003893   Data         179  graphics.o(.constdata)
    Bunker1                                  0x00003946   Data         179  graphics.o(.constdata)
    Bunker2                                  0x000039f9   Data         179  graphics.o(.constdata)
    Bunker3                                  0x00003aac   Data         179  graphics.o(.constdata)
    BigExplosion0                            0x00003b5f   Data         215  graphics.o(.constdata)
    BigExplosion1                            0x00003c36   Data         215  graphics.o(.constdata)
    SmallExplosion0                          0x00003d0d   Data         199  graphics.o(.constdata)
    SmallExplosion1                          0x00003dd4   Data         199  graphics.o(.constdata)
    Missile0                                 0x00003e9b   Data         155  graphics.o(.constdata)
    Missile1                                 0x00003f36   Data         155  graphics.o(.constdata)
    Missile2                                 0x00003fd1   Data         155  graphics.o(.constdata)
    Laser0                                   0x0000406c   Data         155  graphics.o(.constdata)
    Laser1                                   0x00004107   Data         155  graphics.o(.constdata)
    ASCII                                    0x000041a2   Data         480  graphics.o(.constdata)
    .data                                    0x20000000   Section       40  spaceinvaders.o(.data)
    Player_Missile_Count                     0x20000000   Data           1  spaceinvaders.o(.data)
    .data                                    0x20000028   Section       52  texas.o(.data)
    .data                                    0x2000005c   Section      328  graphics.o(.data)
    Player_Missile_Count                     0x2000005c   Data           1  graphics.o(.data)
    EnemyExplosion                           0x200001a0   Data           4  graphics.o(.data)
    .data                                    0x200001a4   Section        4  adc.o(.data)
    DATA                                     0x200001a8   Section        4  random.o(DATA)
    M                                        0x200001a8   Data           4  random.o(DATA)
    .bss                                     0x200001ac   Section      504  nokia5110.o(.bss)
    .bss                                     0x200003a8   Section       56  texas.o(.bss)
    .bss                                     0x200003e0   Section       96  libspace.o(.bss)
    HEAP                                     0x20000440   Section        0  startup.o(HEAP)
    STACK                                    0x20000440   Section     1024  startup.o(STACK)
    HeapMem                                  0x20000440   Data           0  startup.o(HEAP)
    StackMem                                 0x20000440   Data           0  startup.o(STACK)

    Global Symbols

    Symbol Name                              Value     Ov Type        Size  Object(Section)

    BuildAttributes$$THM_ISAv4$E$P$D$K$B$S$7EM$PE$A:L22UL41UL21$X:L11$S22US41US21$IEEE1$IW$USESV6$~STKCKD$USESV7$~SHL$OSPACE$ROPI$EBA8$UX$STANDARDLIB$REQ8$PRES8$EABIv2 0x00000000   Number         0  anon$$obj.o ABSOLUTE
    __ARM_use_no_argv                        0x00000000   Number         0  spaceinvaders.o ABSOLUTE
    __Vectors                                0x00000000   Data           0  startup.o(RESET)
    __ARM_exceptions_init                     - Undefined Weak Reference
    __alloca_initialize                       - Undefined Weak Reference
    __cpp_initialize__aeabi_                  - Undefined Weak Reference
    __cxa_finalize                            - Undefined Weak Reference
    __rt_locale                               - Undefined Weak Reference
    __sigvec_lookup                           - Undefined Weak Reference
    _atexit_init                              - Undefined Weak Reference
    _call_atexit_fns                          - Undefined Weak Reference
    _clock_init                               - Undefined Weak Reference
    _fp_trap_init                             - Undefined Weak Reference
    _fp_trap_shutdown                         - Undefined Weak Reference
    _get_lc_collate                           - Undefined Weak Reference
    _get_lc_ctype                             - Undefined Weak Reference
    _get_lc_monetary                          - Undefined Weak Reference
    _get_lc_numeric                           - Undefined Weak Reference
    _get_lc_time                              - Undefined Weak Reference
    _getenv_init                              - Undefined Weak Reference
    _handle_redirection                       - Undefined Weak Reference
    _init_alloc                               - Undefined Weak Reference
    _init_user_alloc                          - Undefined Weak Reference
    _initio                                   - Undefined Weak Reference
    _rand_init                                - Undefined Weak Reference
    _signal_finish                            - Undefined Weak Reference
    _signal_init                              - Undefined Weak Reference
    _terminate_alloc                          - Undefined Weak Reference
    _terminate_user_alloc                     - Undefined Weak Reference
    _terminateio                              - Undefined Weak Reference
    Reset_Handler                            0x0000026d   Thumb Code     0  startup.o(RESET)
    NMI_Handler                              0x00000271   Thumb Code     2  startup.o(RESET)
    HardFault_Handler                        0x00000273   Thumb Code     2  startup.o(RESET)
    MemManage_Handler                        0x00000275   Thumb Code     2  startup.o(RESET)
    BusFault_Handler                         0x00000277   Thumb Code     2  startup.o(RESET)
    UsageFault_Handler                       0x00000279   Thumb Code     2  startup.o(RESET)
    SVC_Handler                              0x0000027b   Thumb Code     2  startup.o(RESET)
    DebugMon_Handler                         0x0000027d   Thumb Code     2  startup.o(RESET)
    PendSV_Handler                           0x0000027f   Thumb Code     2  startup.o(RESET)
    ADC0Seq0_Handler                         0x00000283   Thumb Code     0  startup.o(RESET)
    ADC0Seq1_Handler                         0x00000283   Thumb Code     0  startup.o(RESET)
    ADC0Seq2_Handler                         0x00000283   Thumb Code     0  startup.o(RESET)
    ADC0Seq3_Handler                         0x00000283   Thumb Code     0  startup.o(RESET)
    ADC1Seq0_Handler                         0x00000283   Thumb Code     0  startup.o(RESET)
    ADC1Seq1_Handler                         0x00000283   Thumb Code     0  startup.o(RESET)
    ADC1Seq2_Handler                         0x00000283   Thumb Code     0  startup.o(RESET)
    ADC1Seq3_Handler                         0x00000283   Thumb Code     0  startup.o(RESET)
    CAN0_Handler                             0x00000283   Thumb Code     0  startup.o(RESET)
    CAN1_Handler                             0x00000283   Thumb Code     0  startup.o(RESET)
    CAN2_Handler                             0x00000283   Thumb Code     0  startup.o(RESET)
    Comp0_Handler                            0x00000283   Thumb Code     0  startup.o(RESET)
    Comp1_Handler                            0x00000283   Thumb Code     0  startup.o(RESET)
    Comp2_Handler                            0x00000283   Thumb Code     0  startup.o(RESET)
    Ethernet_Handler                         0x00000283   Thumb Code     0  startup.o(RESET)
    ExtBus_Handler                           0x00000283   Thumb Code     0  startup.o(RESET)
    FPU_Handler                              0x00000283   Thumb Code     0  startup.o(RESET)
    Fan0_Handler                             0x00000283   Thumb Code     0  startup.o(RESET)
    FlashCtl_Handler                         0x00000283   Thumb Code     0  startup.o(RESET)
    GPIOPortA_Handler                        0x00000283   Thumb Code     0  startup.o(RESET)
    GPIOPortB_Handler                        0x00000283   Thumb Code     0  startup.o(RESET)
    GPIOPortC_Handler                        0x00000283   Thumb Code     0  startup.o(RESET)
    GPIOPortD_Handler                        0x00000283   Thumb Code     0  startup.o(RESET)
    GPIOPortE_Handler                        0x00000283   Thumb Code     0  startup.o(RESET)
    GPIOPortF_Handler                        0x00000283   Thumb Code     0  startup.o(RESET)
    GPIOPortG_Handler                        0x00000283   Thumb Code     0  startup.o(RESET)
    GPIOPortH_Handler                        0x00000283   Thumb Code     0  startup.o(RESET)
    GPIOPortJ_Handler                        0x00000283   Thumb Code     0  startup.o(RESET)
    GPIOPortK_Handler                        0x00000283   Thumb Code     0  startup.o(RESET)
    GPIOPortL_Handler                        0x00000283   Thumb Code     0  startup.o(RESET)
    GPIOPortM_Handler                        0x00000283   Thumb Code     0  startup.o(RESET)
    GPIOPortN_Handler                        0x00000283   Thumb Code     0  startup.o(RESET)
    GPIOPortP1_Handler                       0x00000283   Thumb Code     0  startup.o(RESET)
    GPIOPortP2_Handler                       0x00000283   Thumb Code     0  startup.o(RESET)
    GPIOPortP3_Handler                       0x00000283   Thumb Code     0  startup.o(RESET)
    GPIOPortP4_Handler                       0x00000283   Thumb Code     0  startup.o(RESET)
    GPIOPortP5_Handler                       0x00000283   Thumb Code     0  startup.o(RESET)
    GPIOPortP6_Handler                       0x00000283   Thumb Code     0  startup.o(RESET)
    GPIOPortP7_Handler                       0x00000283   Thumb Code     0  startup.o(RESET)
    GPIOPortP_Handler                        0x00000283   Thumb Code     0  startup.o(RESET)
    GPIOPortQ1_Handler                       0x00000283   Thumb Code     0  startup.o(RESET)
    GPIOPortQ2_Handler                       0x00000283   Thumb Code     0  startup.o(RESET)
    GPIOPortQ3_Handler                       0x00000283   Thumb Code     0  startup.o(RESET)
    GPIOPortQ4_Handler                       0x00000283   Thumb Code     0  startup.o(RESET)
    GPIOPortQ5_Handler                       0x00000283   Thumb Code     0  startup.o(RESET)
    GPIOPortQ6_Handler                       0x00000283   Thumb Code     0  startup.o(RESET)
    GPIOPortQ7_Handler                       0x00000283   Thumb Code     0  startup.o(RESET)
    GPIOPortQ_Handler                        0x00000283   Thumb Code     0  startup.o(RESET)
    GPIOPortR_Handler                        0x00000283   Thumb Code     0  startup.o(RESET)
    GPIOPortS_Handler                        0x00000283   Thumb Code     0  startup.o(RESET)
    Hibernate_Handler                        0x00000283   Thumb Code     0  startup.o(RESET)
    I2C0_Handler                             0x00000283   Thumb Code     0  startup.o(RESET)
    I2C1_Handler                             0x00000283   Thumb Code     0  startup.o(RESET)
    I2C2_Handler                             0x00000283   Thumb Code     0  startup.o(RESET)
    I2C3_Handler                             0x00000283   Thumb Code     0  startup.o(RESET)
    I2C4_Handler                             0x00000283   Thumb Code     0  startup.o(RESET)
    I2C5_Handler                             0x00000283   Thumb Code     0  startup.o(RESET)
    I2S0_Handler                             0x00000283   Thumb Code     0  startup.o(RESET)
    LPC0_Handler                             0x00000283   Thumb Code     0  startup.o(RESET)
    PECI0_Handler                            0x00000283   Thumb Code     0  startup.o(RESET)
    PWM0Fault_Handler                        0x00000283   Thumb Code     0  startup.o(RESET)
    PWM0Generator0_Handler                   0x00000283   Thumb Code     0  startup.o(RESET)
    PWM0Generator1_Handler                   0x00000283   Thumb Code     0  startup.o(RESET)
    PWM0Generator2_Handler                   0x00000283   Thumb Code     0  startup.o(RESET)
    PWM0Generator3_Handler                   0x00000283   Thumb Code     0  startup.o(RESET)
    PWM1Fault_Handler                        0x00000283   Thumb Code     0  startup.o(RESET)
    PWM1Generator0_Handler                   0x00000283   Thumb Code     0  startup.o(RESET)
    PWM1Generator1_Handler                   0x00000283   Thumb Code     0  startup.o(RESET)
    PWM1Generator2_Handler                   0x00000283   Thumb Code     0  startup.o(RESET)
    PWM1Generator3_Handler                   0x00000283   Thumb Code     0  startup.o(RESET)
    Quadrature0_Handler                      0x00000283   Thumb Code     0  startup.o(RESET)
    Quadrature1_Handler                      0x00000283   Thumb Code     0  startup.o(RESET)
    Quadrature2_Handler                      0x00000283   Thumb Code     0  startup.o(RESET)
    SSI0_Handler                             0x00000283   Thumb Code     0  startup.o(RESET)
    SSI1_Handler                             0x00000283   Thumb Code     0  startup.o(RESET)
    SSI2_Handler                             0x00000283   Thumb Code     0  startup.o(RESET)
    SSI3_Handler                             0x00000283   Thumb Code     0  startup.o(RESET)
    SysCtl_Handler                           0x00000283   Thumb Code     0  startup.o(RESET)
    Timer0A_Handler                          0x00000283   Thumb Code     0  startup.o(RESET)
    Timer0B_Handler                          0x00000283   Thumb Code     0  startup.o(RESET)
    Timer1A_Handler                          0x00000283   Thumb Code     0  startup.o(RESET)
    Timer1B_Handler                          0x00000283   Thumb Code     0  startup.o(RESET)
    Timer2B_Handler                          0x00000283   Thumb Code     0  startup.o(RESET)
    Timer3A_Handler                          0x00000283   Thumb Code     0  startup.o(RESET)
    Timer3B_Handler                          0x00000283   Thumb Code     0  startup.o(RESET)
    Timer4B_Handler                          0x00000283   Thumb Code     0  startup.o(RESET)
    Timer5B_Handler                          0x00000283   Thumb Code     0  startup.o(RESET)
    UART0_Handler                            0x00000283   Thumb Code     0  startup.o(RESET)
    UART1_Handler                            0x00000283   Thumb Code     0  startup.o(RESET)
    UART2_Handler                            0x00000283   Thumb Code     0  startup.o(RESET)
    UART3_Handler                            0x00000283   Thumb Code     0  startup.o(RESET)
    UART4_Handler                            0x00000283   Thumb Code     0  startup.o(RESET)
    UART5_Handler                            0x00000283   Thumb Code     0  startup.o(RESET)
    UART6_Handler                            0x00000283   Thumb Code     0  startup.o(RESET)
    UART7_Handler                            0x00000283   Thumb Code     0  startup.o(RESET)
    USB0_Handler                             0x00000283   Thumb Code     0  startup.o(RESET)
    WDT_Handler                              0x00000283   Thumb Code     0  startup.o(RESET)
    WideTimer0A_Handler                      0x00000283   Thumb Code     0  startup.o(RESET)
    WideTimer0B_Handler                      0x00000283   Thumb Code     0  startup.o(RESET)
    WideTimer1A_Handler                      0x00000283   Thumb Code     0  startup.o(RESET)
    WideTimer1B_Handler                      0x00000283   Thumb Code     0  startup.o(RESET)
    WideTimer2A_Handler                      0x00000283   Thumb Code     0  startup.o(RESET)
    WideTimer2B_Handler                      0x00000283   Thumb Code     0  startup.o(RESET)
    WideTimer3A_Handler                      0x00000283   Thumb Code     0  startup.o(RESET)
    WideTimer3B_Handler                      0x00000283   Thumb Code     0  startup.o(RESET)
    WideTimer4A_Handler                      0x00000283   Thumb Code     0  startup.o(RESET)
    WideTimer4B_Handler                      0x00000283   Thumb Code     0  startup.o(RESET)
    WideTimer5A_Handler                      0x00000283   Thumb Code     0  startup.o(RESET)
    WideTimer5B_Handler                      0x00000283   Thumb Code     0  startup.o(RESET)
    uDMA_Error                               0x00000283   Thumb Code     0  startup.o(RESET)
    uDMA_Handler                             0x00000283   Thumb Code     0  startup.o(RESET)
    __main                                   0x00000285   Thumb Code     8  __main.o(!!!main)
    __scatterload                            0x0000028d   Thumb Code     0  __scatter.o(!!!scatter)
    __scatterload_rt2                        0x0000028d   Thumb Code    44  __scatter.o(!!!scatter)
    __scatterload_rt2_thumb_only             0x0000028d   Thumb Code     0  __scatter.o(!!!scatter)
    __scatterload_null                       0x0000029b   Thumb Code     0  __scatter.o(!!!scatter)
    __decompress                             0x000002c1   Thumb Code    90  __dczerorl2.o(!!dczerorl2)
    __decompress1                            0x000002c1   Thumb Code     0  __dczerorl2.o(!!dczerorl2)
    __scatterload_zeroinit                   0x0000031d   Thumb Code    28  __scatter_zi.o(!!handler_zi)
    __rt_lib_init                            0x00000339   Thumb Code     0  libinit.o(.ARM.Collect$$libinit$$00000000)
    __rt_lib_init_alloca_1                   0x0000033b   Thumb Code     0  libinit2.o(.ARM.Collect$$libinit$$0000002C)
    __rt_lib_init_argv_1                     0x0000033b   Thumb Code     0  libinit2.o(.ARM.Collect$$libinit$$0000002A)
    __rt_lib_init_atexit_1                   0x0000033b   Thumb Code     0  libinit2.o(.ARM.Collect$$libinit$$00000019)
    __rt_lib_init_clock_1                    0x0000033b   Thumb Code     0  libinit2.o(.ARM.Collect$$libinit$$0000001F)
    __rt_lib_init_cpp_1                      0x0000033b   Thumb Code     0  libinit2.o(.ARM.Collect$$libinit$$00000030)
    __rt_lib_init_exceptions_1               0x0000033b   Thumb Code     0  libinit2.o(.ARM.Collect$$libinit$$0000002E)
    __rt_lib_init_fp_1                       0x0000033b   Thumb Code     0  libinit2.o(.ARM.Collect$$libinit$$00000002)
    __rt_lib_init_fp_trap_1                  0x0000033b   Thumb Code     0  libinit2.o(.ARM.Collect$$libinit$$0000001D)
    __rt_lib_init_getenv_1                   0x0000033b   Thumb Code     0  libinit2.o(.ARM.Collect$$libinit$$00000021)
    __rt_lib_init_heap_1                     0x0000033b   Thumb Code     0  libinit2.o(.ARM.Collect$$libinit$$00000008)
    __rt_lib_init_lc_collate_1               0x0000033b   Thumb Code     0  libinit2.o(.ARM.Collect$$libinit$$0000000F)
    __rt_lib_init_lc_ctype_1                 0x0000033b   Thumb Code     0  libinit2.o(.ARM.Collect$$libinit$$00000011)
    __rt_lib_init_lc_monetary_1              0x0000033b   Thumb Code     0  libinit2.o(.ARM.Collect$$libinit$$00000013)
    __rt_lib_init_lc_numeric_1               0x0000033b   Thumb Code     0  libinit2.o(.ARM.Collect$$libinit$$00000015)
    __rt_lib_init_lc_time_1                  0x0000033b   Thumb Code     0  libinit2.o(.ARM.Collect$$libinit$$00000017)
    __rt_lib_init_rand_1                     0x0000033b   Thumb Code     0  libinit2.o(.ARM.Collect$$libinit$$0000000C)
    __rt_lib_init_return                     0x0000033b   Thumb Code     0  libinit2.o(.ARM.Collect$$libinit$$00000031)
    __rt_lib_init_signal_1                   0x0000033b   Thumb Code     0  libinit2.o(.ARM.Collect$$libinit$$0000001B)
    __rt_lib_init_stdio_1                    0x0000033b   Thumb Code     0  libinit2.o(.ARM.Collect$$libinit$$00000023)
    __rt_lib_init_user_alloc_1               0x0000033b   Thumb Code     0  libinit2.o(.ARM.Collect$$libinit$$0000000A)
    __rt_lib_shutdown                        0x0000033d   Thumb Code     0  libshutdown.o(.ARM.Collect$$libshutdown$$00000000)
    __rt_lib_shutdown_fp_trap_1              0x0000033f   Thumb Code     0  libshutdown2.o(.ARM.Collect$$libshutdown$$00000006)
    __rt_lib_shutdown_heap_1                 0x0000033f   Thumb Code     0  libshutdown2.o(.ARM.Collect$$libshutdown$$0000000E)
    __rt_lib_shutdown_return                 0x0000033f   Thumb Code     0  libshutdown2.o(.ARM.Collect$$libshutdown$$0000000F)
    __rt_lib_shutdown_signal_1               0x0000033f   Thumb Code     0  libshutdown2.o(.ARM.Collect$$libshutdown$$00000009)
    __rt_lib_shutdown_stdio_1                0x0000033f   Thumb Code     0  libshutdown2.o(.ARM.Collect$$libshutdown$$00000003)
    __rt_lib_shutdown_user_alloc_1           0x0000033f   Thumb Code     0  libshutdown2.o(.ARM.Collect$$libshutdown$$0000000B)
    __rt_entry                               0x00000341   Thumb Code     0  rtentry.o(.ARM.Collect$$rtentry$$00000000)
    __rt_entry_presh_1                       0x00000341   Thumb Code     0  rtentry2.o(.ARM.Collect$$rtentry$$00000002)
    __rt_entry_sh                            0x00000341   Thumb Code     0  rtentry4.o(.ARM.Collect$$rtentry$$00000004)
    __rt_entry_li                            0x00000347   Thumb Code     0  rtentry2.o(.ARM.Collect$$rtentry$$0000000A)
    __rt_entry_postsh_1                      0x00000347   Thumb Code     0  rtentry2.o(.ARM.Collect$$rtentry$$00000009)
    __rt_entry_main                          0x0000034b   Thumb Code     0  rtentry2.o(.ARM.Collect$$rtentry$$0000000D)
    __rt_entry_postli_1                      0x0000034b   Thumb Code     0  rtentry2.o(.ARM.Collect$$rtentry$$0000000C)
    __rt_exit                                0x00000353   Thumb Code     0  rtexit.o(.ARM.Collect$$rtexit$$00000000)
    __rt_exit_ls                             0x00000355   Thumb Code     0  rtexit2.o(.ARM.Collect$$rtexit$$00000003)
    __rt_exit_prels_1                        0x00000355   Thumb Code     0  rtexit2.o(.ARM.Collect$$rtexit$$00000002)
    __rt_exit_exit                           0x00000359   Thumb Code     0  rtexit2.o(.ARM.Collect$$rtexit$$00000004)
    DisableInterrupts                        0x00000361   Thumb Code     0  startup.o(.text)
    EnableInterrupts                         0x00000365   Thumb Code     0  startup.o(.text)
    StartCritical                            0x00000369   Thumb Code     0  startup.o(.text)
    EndCritical                              0x00000371   Thumb Code     0  startup.o(.text)
    WaitForInterrupt                         0x00000377   Thumb Code     0  startup.o(.text)
    __user_initial_stackheap                 0x0000037b   Thumb Code     0  startup.o(.text)
    Random_Init                              0x00000391   Thumb Code     0  random.o(.text)
    Random32                                 0x0000039b   Thumb Code     2  random.o(.text)
    Random                                   0x000003ad   Thumb Code     2  random.o(.text)
    __use_two_region_memory                  0x000003d1   Thumb Code     2  heapauxi.o(.text)
    __rt_heap_escrow$2region                 0x000003d3   Thumb Code     2  heapauxi.o(.text)
    __rt_heap_expand$2region                 0x000003d5   Thumb Code     2  heapauxi.o(.text)
    __user_setup_stackheap                   0x000003d7   Thumb Code    74  sys_stackheap_outer.o(.text)
    exit                                     0x00000421   Thumb Code    12  exit.o(.text)
    __user_libspace                          0x0000042d   Thumb Code     8  libspace.o(.text)
    __user_perproc_libspace                  0x0000042d   Thumb Code     0  libspace.o(.text)
    __user_perthread_libspace                0x0000042d   Thumb Code     0  libspace.o(.text)
    _sys_exit                                0x00000435   Thumb Code     8  sys_exit.o(.text)
    __I$use$semihosting                      0x00000441   Thumb Code     0  use_no_semi.o(.text)
    __use_no_semihosting_swi                 0x00000441   Thumb Code     2  use_no_semi.o(.text)
    __semihosting_library_function           0x00000443   Thumb Code     0  indicate_semi.o(.text)
    ADC0_In                                  0x00000445   Thumb Code    54  adc.o(i.ADC0_In)
    ADC0_Init                                0x00000489   Thumb Code   224  adc.o(i.ADC0_Init)
    ADC1_In                                  0x0000058d   Thumb Code     6  texas.o(i.ADC1_In)
    ADC1_Init                                0x00000599   Thumb Code   174  texas.o(i.ADC1_Init)
    CollisionCheck_EnemyMissile_Player       0x0000066d   Thumb Code   226  graphics.o(i.CollisionCheck_EnemyMissile_Player)
    CollisionCheck_PlayerMissile_Enemy       0x00000765   Thumb Code   232  graphics.o(i.CollisionCheck_PlayerMissile_Enemy)
    DisplayCollision                         0x00000865   Thumb Code    92  graphics.o(i.DisplayCollision)
    Display_all                              0x000008cd   Thumb Code   210  graphics.o(i.Display_all)
    EnemyHordeMove                           0x000009b5   Thumb Code   170  graphics.o(i.EnemyHordeMove)
    EnemyReSpawn                             0x00000a69   Thumb Code   174  graphics.o(i.EnemyReSpawn)
    Generate_Enemey_Missile                  0x00000b25   Thumb Code    84  graphics.o(i.Generate_Enemey_Missile)
    Generate_Player_Missile                  0x00000b85   Thumb Code    70  graphics.o(i.Generate_Player_Missile)
    Move_Missile                             0x00000bd1   Thumb Code   108  graphics.o(i.Move_Missile)
    Nokia5110_ClearBuffer                    0x00000c45   Thumb Code    20  nokia5110.o(i.Nokia5110_ClearBuffer)
    Nokia5110_DisplayBuffer                  0x00000c5d   Thumb Code    10  nokia5110.o(i.Nokia5110_DisplayBuffer)
    Nokia5110_DrawFullImage                  0x00000c6d   Thumb Code    34  nokia5110.o(i.Nokia5110_DrawFullImage)
    Nokia5110_Init                           0x00000c91   Thumb Code   316  nokia5110.o(i.Nokia5110_Init)
    Nokia5110_PrintBMP                       0x00000dfd   Thumb Code   420  nokia5110.o(i.Nokia5110_PrintBMP)
    Nokia5110_SetCursor                      0x00000fa5   Thumb Code    48  nokia5110.o(i.Nokia5110_SetCursor)
    PLL_Init                                 0x00000fd5   Thumb Code   118  texas.o(i.PLL_Init)
    PlayerReSpawn                            0x00001051   Thumb Code    16  graphics.o(i.PlayerReSpawn)
    SetCode                                  0x00001069   Thumb Code    20  texas.o(i.SetCode)
    SetCourse                                0x00001081   Thumb Code    20  texas.o(i.SetCourse)
    SwitchPressEvent                         0x00001099   Thumb Code    90  graphics.o(i.SwitchPressEvent)
    SysTick_Handler                          0x00001105   Thumb Code   170  spaceinvaders.o(i.SysTick_Handler)
    SysTick_Init                             0x000011dd   Thumb Code    42  spaceinvaders.o(i.SysTick_Init)
    TExaS_Init                               0x00001211   Thumb Code   324  texas.o(i.TExaS_Init)
    Timer2A_Handler                          0x000013d5   Thumb Code    94  spaceinvaders.o(i.Timer2A_Handler)
    Timer2_Init                              0x00001451   Thumb Code    88  spaceinvaders.o(i.Timer2_Init)
    Timer4A_Handler                          0x000014c1   Thumb Code    20  texas.o(i.Timer4A_Handler)
    Timer5A_Handler                          0x000014e1   Thumb Code    34  texas.o(i.Timer5A_Handler)
    UART0_Init                               0x00001511   Thumb Code   160  texas.o(i.UART0_Init)
    main                                     0x0000161d   Thumb Code    94  spaceinvaders.o(i.main)
    __aeabi_dadd                             0x00001695   Thumb Code     0  daddsub_clz.o(x$fpl$dadd)
    _dadd                                    0x00001695   Thumb Code   332  daddsub_clz.o(x$fpl$dadd)
    __fpl_dcmp_Inf                           0x000017e5   Thumb Code    24  dcmpi.o(x$fpl$dcmpinf)
    __aeabi_ddiv                             0x000017fd   Thumb Code     0  ddiv.o(x$fpl$ddiv)
    _ddiv                                    0x000017fd   Thumb Code   552  ddiv.o(x$fpl$ddiv)
    __aeabi_d2uiz                            0x00001aad   Thumb Code     0  dfixu.o(x$fpl$dfixu)
    _dfixu                                   0x00001aad   Thumb Code    90  dfixu.o(x$fpl$dfixu)
    __aeabi_i2d                              0x00001b07   Thumb Code     0  dflt_clz.o(x$fpl$dflt)
    _dflt                                    0x00001b07   Thumb Code    46  dflt_clz.o(x$fpl$dflt)
    __aeabi_ui2d                             0x00001b35   Thumb Code     0  dflt_clz.o(x$fpl$dfltu)
    _dfltu                                   0x00001b35   Thumb Code    38  dflt_clz.o(x$fpl$dfltu)
    __aeabi_cdcmple                          0x00001b5d   Thumb Code     0  dleqf.o(x$fpl$dleqf)
    _dcmple                                  0x00001b5d   Thumb Code   120  dleqf.o(x$fpl$dleqf)
    __fpl_dcmple_InfNaN                      0x00001bbf   Thumb Code     0  dleqf.o(x$fpl$dleqf)
    __aeabi_dmul                             0x00001bd5   Thumb Code     0  dmul.o(x$fpl$dmul)
    _dmul                                    0x00001bd5   Thumb Code   332  dmul.o(x$fpl$dmul)
    __fpl_dnaninf                            0x00001d29   Thumb Code   156  dnaninf.o(x$fpl$dnaninf)
    __fpl_dretinf                            0x00001dc5   Thumb Code    12  dretinf.o(x$fpl$dretinf)
    __aeabi_dsub                             0x00001dd1   Thumb Code     0  daddsub_clz.o(x$fpl$dsub)
    _dsub                                    0x00001dd1   Thumb Code   464  daddsub_clz.o(x$fpl$dsub)
    __I$use$fp                               0x00001fa4   Number         0  usenofp.o(x$fpl$usenofp)
    NoInputMsg                               0x000030df   Data          40  texas.o(.constdata)
    OutputPortMsg0                           0x00003107   Data          40  texas.o(.constdata)
    OutputPortMsg1                           0x0000312f   Data          40  texas.o(.constdata)
    OutputPortMsg2                           0x00003157   Data          40  texas.o(.constdata)
    OutputPortMsg3                           0x0000317f   Data          40  texas.o(.constdata)
    BlankMsg                                 0x000031a7   Data          40  texas.o(.constdata)
    InitializedMsg                           0x000031cf   Data          40  texas.o(.constdata)
    IntroMsg                                 0x000031f7   Data          40  texas.o(.constdata)
    DoneMsg                                  0x0000321f   Data          40  texas.o(.constdata)
    Region$$Table$$Base                      0x00004384   Number         0  anon$$obj.o(Region$$Table)
    Region$$Table$$Limit                     0x000043a4   Number         0  anon$$obj.o(Region$$Table)
    Semaphore                                0x20000004   Data           4  spaceinvaders.o(.data)
    PlayerShip_Xpos                          0x20000008   Data           8  spaceinvaders.o(.data)
    ADC_flag                                 0x20000010   Data           1  spaceinvaders.o(.data)
    Switch0Flag                              0x20000011   Data           1  spaceinvaders.o(.data)
    temp                                     0x20000012   Data           1  spaceinvaders.o(.data)
    PlayerReSpawnClockCycle                  0x20000013   Data           1  spaceinvaders.o(.data)
    TimerCount                               0x20000014   Data           4  spaceinvaders.o(.data)
    Slider_x                                 0x20000018   Data           8  spaceinvaders.o(.data)
    MoveDirection                            0x20000020   Data           1  spaceinvaders.o(.data)
    PlayerExplosion                          0x20000021   Data           1  spaceinvaders.o(.data)
    EnemyExplosion                           0x20000024   Data           4  spaceinvaders.o(.data)
    TExaS_Period                             0x20000028   Data           4  texas.o(.data)
    TExaS_Ports                              0x2000002c   Data           8  texas.o(.data)
    Display                                  0x20000034   Data           1  texas.o(.data)
    TExaS_Meter                              0x20000038   Data           4  texas.o(.data)
    ADCnum                                   0x2000003c   Data           4  texas.o(.data)
    LastMode                                 0x20000040   Data           4  texas.o(.data)
    bFlag                                    0x20000044   Data           4  texas.o(.data)
    Count                                    0x20000048   Data           4  texas.o(.data)
    DelayBetweenTests                        0x2000004c   Data           4  texas.o(.data)
    TExaS_Test                               0x20000050   Data           4  texas.o(.data)
    ScopeMode                                0x20000054   Data           4  texas.o(.data)
    ScopeCount                               0x20000058   Data           4  texas.o(.data)
    SwitchOn_Prev                            0x20000060   Data           4  graphics.o(.data)
    SwitchOn_Curr                            0x20000064   Data           4  graphics.o(.data)
    KeyPressCount                            0x20000068   Data           1  graphics.o(.data)
    EnemyHordeLeftScreen                     0x20000069   Data           1  graphics.o(.data)
    KillCount                                0x2000006a   Data           1  graphics.o(.data)
    PlayerLives                              0x2000006b   Data           1  graphics.o(.data)
    NumberOfEnemyShips                       0x2000006c   Data           1  graphics.o(.data)
    EnemyRow                                 0x20000070   Data          64  graphics.o(.data)
    PlayerMissile                            0x200000b0   Data         160  graphics.o(.data)
    EnemyMissile                             0x20000150   Data          64  graphics.o(.data)
    PlayerShip                               0x20000190   Data          16  graphics.o(.data)
    Delay                                    0x200001a4   Data           4  adc.o(.data)
    Screen                                   0x200001ac   Data         504  nokia5110.o(.bss)
    TExaS                                    0x200003a8   Data          56  texas.o(.bss)
    __libspace_start                         0x200003e0   Data          96  libspace.o(.bss)
    __temporary_stack_top$libspace           0x20000440   Data           0  libspace.o(.bss)



==============================================================================

Memory Map of the image

  Image Entry point : 0x0000026d

  Load Region LR_1 (Base: 0x00000000, Size: 0x00004550, Max: 0xffffffff, ABSOLUTE, COMPRESSED[0x000043e0])

    Execution Region ER_RO (Base: 0x00000000, Size: 0x000043a4, Max: 0xffffffff, ABSOLUTE)

    Base Addr    Size         Type   Attr      Idx    E Section Name        Object

    0x00000000   0x00000284   Code   RO            3  * RESET               startup.o
    0x00000284   0x00000008   Code   RO          371  * !!!main             c_w.l(__main.o)
    0x0000028c   0x00000034   Code   RO          558    !!!scatter          c_w.l(__scatter.o)
    0x000002c0   0x0000005a   Code   RO          556    !!dczerorl2         c_w.l(__dczerorl2.o)
    0x0000031a   0x00000002   PAD
    0x0000031c   0x0000001c   Code   RO          560    !!handler_zi        c_w.l(__scatter_zi.o)
    0x00000338   0x00000002   Code   RO          429    .ARM.Collect$$libinit$$00000000  c_w.l(libinit.o)
    0x0000033a   0x00000000   Code   RO          436    .ARM.Collect$$libinit$$00000002  c_w.l(libinit2.o)
    0x0000033a   0x00000000   Code   RO          439    .ARM.Collect$$libinit$$00000008  c_w.l(libinit2.o)
    0x0000033a   0x00000000   Code   RO          441    .ARM.Collect$$libinit$$0000000A  c_w.l(libinit2.o)
    0x0000033a   0x00000000   Code   RO          443    .ARM.Collect$$libinit$$0000000C  c_w.l(libinit2.o)
    0x0000033a   0x00000000   Code   RO          446    .ARM.Collect$$libinit$$0000000F  c_w.l(libinit2.o)
    0x0000033a   0x00000000   Code   RO          448    .ARM.Collect$$libinit$$00000011  c_w.l(libinit2.o)
    0x0000033a   0x00000000   Code   RO          450    .ARM.Collect$$libinit$$00000013  c_w.l(libinit2.o)
    0x0000033a   0x00000000   Code   RO          452    .ARM.Collect$$libinit$$00000015  c_w.l(libinit2.o)
    0x0000033a   0x00000000   Code   RO          454    .ARM.Collect$$libinit$$00000017  c_w.l(libinit2.o)
    0x0000033a   0x00000000   Code   RO          456    .ARM.Collect$$libinit$$00000019  c_w.l(libinit2.o)
    0x0000033a   0x00000000   Code   RO          458    .ARM.Collect$$libinit$$0000001B  c_w.l(libinit2.o)
    0x0000033a   0x00000000   Code   RO          460    .ARM.Collect$$libinit$$0000001D  c_w.l(libinit2.o)
    0x0000033a   0x00000000   Code   RO          462    .ARM.Collect$$libinit$$0000001F  c_w.l(libinit2.o)
    0x0000033a   0x00000000   Code   RO          464    .ARM.Collect$$libinit$$00000021  c_w.l(libinit2.o)
    0x0000033a   0x00000000   Code   RO          466    .ARM.Collect$$libinit$$00000023  c_w.l(libinit2.o)
    0x0000033a   0x00000000   Code   RO          470    .ARM.Collect$$libinit$$0000002A  c_w.l(libinit2.o)
    0x0000033a   0x00000000   Code   RO          472    .ARM.Collect$$libinit$$0000002C  c_w.l(libinit2.o)
    0x0000033a   0x00000000   Code   RO          474    .ARM.Collect$$libinit$$0000002E  c_w.l(libinit2.o)
    0x0000033a   0x00000000   Code   RO          476    .ARM.Collect$$libinit$$00000030  c_w.l(libinit2.o)
    0x0000033a   0x00000002   Code   RO          477    .ARM.Collect$$libinit$$00000031  c_w.l(libinit2.o)
    0x0000033c   0x00000002   Code   RO          497    .ARM.Collect$$libshutdown$$00000000  c_w.l(libshutdown.o)
    0x0000033e   0x00000000   Code   RO          511    .ARM.Collect$$libshutdown$$00000003  c_w.l(libshutdown2.o)
    0x0000033e   0x00000000   Code   RO          514    .ARM.Collect$$libshutdown$$00000006  c_w.l(libshutdown2.o)
    0x0000033e   0x00000000   Code   RO          517    .ARM.Collect$$libshutdown$$00000009  c_w.l(libshutdown2.o)
    0x0000033e   0x00000000   Code   RO          519    .ARM.Collect$$libshutdown$$0000000B  c_w.l(libshutdown2.o)
    0x0000033e   0x00000000   Code   RO          522    .ARM.Collect$$libshutdown$$0000000E  c_w.l(libshutdown2.o)
    0x0000033e   0x00000002   Code   RO          523    .ARM.Collect$$libshutdown$$0000000F  c_w.l(libshutdown2.o)
    0x00000340   0x00000000   Code   RO          397    .ARM.Collect$$rtentry$$00000000  c_w.l(rtentry.o)
    0x00000340   0x00000000   Code   RO          406    .ARM.Collect$$rtentry$$00000002  c_w.l(rtentry2.o)
    0x00000340   0x00000006   Code   RO          418    .ARM.Collect$$rtentry$$00000004  c_w.l(rtentry4.o)
    0x00000346   0x00000000   Code   RO          408    .ARM.Collect$$rtentry$$00000009  c_w.l(rtentry2.o)
    0x00000346   0x00000004   Code   RO          409    .ARM.Collect$$rtentry$$0000000A  c_w.l(rtentry2.o)
    0x0000034a   0x00000000   Code   RO          411    .ARM.Collect$$rtentry$$0000000C  c_w.l(rtentry2.o)
    0x0000034a   0x00000008   Code   RO          412    .ARM.Collect$$rtentry$$0000000D  c_w.l(rtentry2.o)
    0x00000352   0x00000002   Code   RO          433    .ARM.Collect$$rtexit$$00000000  c_w.l(rtexit.o)
    0x00000354   0x00000000   Code   RO          479    .ARM.Collect$$rtexit$$00000002  c_w.l(rtexit2.o)
    0x00000354   0x00000004   Code   RO          480    .ARM.Collect$$rtexit$$00000003  c_w.l(rtexit2.o)
    0x00000358   0x00000006   Code   RO          481    .ARM.Collect$$rtexit$$00000004  c_w.l(rtexit2.o)
    0x0000035e   0x00000002   PAD
    0x00000360   0x00000030   Code   RO            4    .text               startup.o
    0x00000390   0x00000040   Code   RO           92    .text               random.o
    0x000003d0   0x00000006   Code   RO          369    .text               c_w.l(heapauxi.o)
    0x000003d6   0x0000004a   Code   RO          420    .text               c_w.l(sys_stackheap_outer.o)
    0x00000420   0x0000000c   Code   RO          422    .text               c_w.l(exit.o)
    0x0000042c   0x00000008   Code   RO          430    .text               c_w.l(libspace.o)
    0x00000434   0x0000000c   Code   RO          489    .text               c_w.l(sys_exit.o)
    0x00000440   0x00000002   Code   RO          500    .text               c_w.l(use_no_semi.o)
    0x00000442   0x00000000   Code   RO          502    .text               c_w.l(indicate_semi.o)
    0x00000442   0x00000002   PAD
    0x00000444   0x00000044   Code   RO          344    i.ADC0_In           adc.o
    0x00000488   0x00000104   Code   RO          345    i.ADC0_Init         adc.o
    0x0000058c   0x0000000c   Code   RO          142    i.ADC1_In           texas.o
    0x00000598   0x000000d4   Code   RO          143    i.ADC1_Init         texas.o
    0x0000066c   0x000000f8   Code   RO          262    i.CollisionCheck_EnemyMissile_Player  graphics.o
    0x00000764   0x00000100   Code   RO          263    i.CollisionCheck_PlayerMissile_Enemy  graphics.o
    0x00000864   0x00000068   Code   RO          265    i.DisplayCollision  graphics.o
    0x000008cc   0x000000e8   Code   RO          266    i.Display_all       graphics.o
    0x000009b4   0x000000b4   Code   RO          267    i.EnemyHordeMove    graphics.o
    0x00000a68   0x000000bc   Code   RO          268    i.EnemyReSpawn      graphics.o
    0x00000b24   0x00000060   Code   RO          269    i.Generate_Enemey_Missile  graphics.o
    0x00000b84   0x0000004c   Code   RO          270    i.Generate_Player_Missile  graphics.o
    0x00000bd0   0x00000074   Code   RO          271    i.Move_Missile      graphics.o
    0x00000c44   0x00000018   Code   RO           13    i.Nokia5110_ClearBuffer  nokia5110.o
    0x00000c5c   0x00000010   Code   RO           14    i.Nokia5110_DisplayBuffer  nokia5110.o
    0x00000c6c   0x00000022   Code   RO           15    i.Nokia5110_DrawFullImage  nokia5110.o
    0x00000c8e   0x00000002   PAD
    0x00000c90   0x0000016c   Code   RO           16    i.Nokia5110_Init    nokia5110.o
    0x00000dfc   0x000001a8   Code   RO           20    i.Nokia5110_PrintBMP  nokia5110.o
    0x00000fa4   0x00000030   Code   RO           21    i.Nokia5110_SetCursor  nokia5110.o
    0x00000fd4   0x0000007c   Code   RO          144    i.PLL_Init          texas.o
    0x00001050   0x00000018   Code   RO          272    i.PlayerReSpawn     graphics.o
    0x00001068   0x00000018   Code   RO          145    i.SetCode           texas.o
    0x00001080   0x00000018   Code   RO          146    i.SetCourse         texas.o
    0x00001098   0x0000006c   Code   RO          273    i.SwitchPressEvent  graphics.o
    0x00001104   0x000000d8   Code   RO           95    i.SysTick_Handler   spaceinvaders.o
    0x000011dc   0x00000034   Code   RO           96    i.SysTick_Init      spaceinvaders.o
    0x00001210   0x000001c4   Code   RO          150    i.TExaS_Init        texas.o
    0x000013d4   0x0000007c   Code   RO           97    i.Timer2A_Handler   spaceinvaders.o
    0x00001450   0x00000070   Code   RO           98    i.Timer2_Init       spaceinvaders.o
    0x000014c0   0x00000020   Code   RO          152    i.Timer4A_Handler   texas.o
    0x000014e0   0x00000030   Code   RO          153    i.Timer5A_Handler   texas.o
    0x00001510   0x000000c0   Code   RO          156    i.UART0_Init        texas.o
    0x000015d0   0x0000004c   Code   RO           22    i.lcdwrite          nokia5110.o
    0x0000161c   0x00000078   Code   RO           99    i.main              spaceinvaders.o
    0x00001694   0x00000150   Code   RO          373    x$fpl$dadd          fz_ws.l(daddsub_clz.o)
    0x000017e4   0x00000018   Code   RO          398    x$fpl$dcmpinf       fz_ws.l(dcmpi.o)
    0x000017fc   0x000002b0   Code   RO          380    x$fpl$ddiv          fz_ws.l(ddiv.o)
    0x00001aac   0x0000005a   Code   RO          383    x$fpl$dfixu         fz_ws.l(dfixu.o)
    0x00001b06   0x0000002e   Code   RO          388    x$fpl$dflt          fz_ws.l(dflt_clz.o)
    0x00001b34   0x00000026   Code   RO          387    x$fpl$dfltu         fz_ws.l(dflt_clz.o)
    0x00001b5a   0x00000002   PAD
    0x00001b5c   0x00000078   Code   RO          393    x$fpl$dleqf         fz_ws.l(dleqf.o)
    0x00001bd4   0x00000154   Code   RO          395    x$fpl$dmul          fz_ws.l(dmul.o)
    0x00001d28   0x0000009c   Code   RO          400    x$fpl$dnaninf       fz_ws.l(dnaninf.o)
    0x00001dc4   0x0000000c   Code   RO          402    x$fpl$dretinf       fz_ws.l(dretinf.o)
    0x00001dd0   0x000001d4   Code   RO          375    x$fpl$dsub          fz_ws.l(daddsub_clz.o)
    0x00001fa4   0x00000000   Code   RO          404    x$fpl$usenofp       fz_ws.l(usenofp.o)
    0x00001fa4   0x0000113b   Data   RO          100    .constdata          spaceinvaders.o
    0x000030df   0x00000168   Data   RO          161    .constdata          texas.o
    0x00003247   0x0000113b   Data   RO          274    .constdata          graphics.o
    0x00004382   0x00000002   PAD
    0x00004384   0x00000020   Data   RO          554    Region$$Table       anon$$obj.o


    Execution Region ER_RW (Base: 0x20000000, Size: 0x000001ac, Max: 0xffffffff, ABSOLUTE, COMPRESSED[0x0000003c])

    Base Addr    Size         Type   Attr      Idx    E Section Name        Object

    0x20000000   0x00000028   Data   RW          101    .data               spaceinvaders.o
    0x20000028   0x00000034   Data   RW          162    .data               texas.o
    0x2000005c   0x00000148   Data   RW          275    .data               graphics.o
    0x200001a4   0x00000004   Data   RW          346    .data               adc.o
    0x200001a8   0x00000004   Data   RW           91    DATA                random.o


    Execution Region ER_ZI (Base: 0x200001ac, Size: 0x00000694, Max: 0xffffffff, ABSOLUTE)

    Base Addr    Size         Type   Attr      Idx    E Section Name        Object

    0x200001ac   0x000001f8   Zero   RW           23    .bss                nokia5110.o
    0x200003a4   0x00000004   PAD
    0x200003a8   0x00000038   Zero   RW          160    .bss                texas.o
    0x200003e0   0x00000060   Zero   RW          431    .bss                c_w.l(libspace.o)
    0x20000440   0x00000000   Zero   RW            2    HEAP                startup.o
    0x20000440   0x00000400   Zero   RW            1    STACK               startup.o


==============================================================================

Image component sizes


      Code (inc. data)   RO Data    RW Data    ZI Data      Debug   Object Name

       328         50          0          4          0        918   adc.o
      1628        156       4411        328          0       7754   graphics.o
       986         72          0          0        504       7181   nokia5110.o
        64         14          0          4          0        188   random.o
       624        136       4411         40          0       4463   spaceinvaders.o
       692        632          0          0       1024        876   startup.o
      1120        244        360         52         56      15656   texas.o

    ----------------------------------------------------------------------
      5444       1304       9216        428       1588      37036   Object Totals
         0          0         32          0          0          0   (incl. Generated)
         2          0          2          0          4          0   (incl. Padding)

    ----------------------------------------------------------------------

      Code (inc. data)   RO Data    RW Data    ZI Data      Debug   Library Member Name

        90          0          0          0          0          0   __dczerorl2.o
         8          0          0          0          0         68   __main.o
        52          8          0          0          0          0   __scatter.o
        28          0          0          0          0          0   __scatter_zi.o
        12          0          0          0          0         72   exit.o
         6          0          0          0          0        152   heapauxi.o
         0          0          0          0          0          0   indicate_semi.o
         2          0          0          0          0          0   libinit.o
         2          0          0          0          0          0   libinit2.o
         2          0          0          0          0          0   libshutdown.o
         2          0          0          0          0          0   libshutdown2.o
         8          4          0          0         96         68   libspace.o
         0          0          0          0          0          0   rtentry.o
        12          0          0          0          0          0   rtentry2.o
         6          0          0          0          0          0   rtentry4.o
         2          0          0          0          0          0   rtexit.o
        10          0          0          0          0          0   rtexit2.o
        12          4          0          0          0         68   sys_exit.o
        74          0          0          0          0         80   sys_stackheap_outer.o
         2          0          0          0          0         68   use_no_semi.o
       804         16          0          0          0        272   daddsub_clz.o
        24          0          0          0          0         68   dcmpi.o
       688        140          0          0          0        208   ddiv.o
        90          4          0          0          0         92   dfixu.o
        84          0          0          0          0        136   dflt_clz.o
       120          4          0          0          0         92   dleqf.o
       340         12          0          0          0        104   dmul.o
       156          4          0          0          0         92   dnaninf.o
        12          0          0          0          0         68   dretinf.o
         0          0          0          0          0          0   usenofp.o

    ----------------------------------------------------------------------
      2656        196          0          0         96       1708   Library Totals
         8          0          0          0          0          0   (incl. Padding)

    ----------------------------------------------------------------------

      Code (inc. data)   RO Data    RW Data    ZI Data      Debug   Library Name

       330         16          0          0         96        576   c_w.l
      2318        180          0          0          0       1132   fz_ws.l

    ----------------------------------------------------------------------
      2656        196          0          0         96       1708   Library Totals

    ----------------------------------------------------------------------

==============================================================================


      Code (inc. data)   RO Data    RW Data    ZI Data      Debug   

      8100       1500       9216        428       1684      36300   Grand Totals
      8100       1500       9216         60       1684      36300   ELF Image Totals (compressed)
      8100       1500       9216         60          0          0   ROM Totals

==============================================================================

    Total RO  Size (Code + RO Data)                17316 (  16.91kB)
    Total RW  Size (RW Data + ZI Data)              2112 (   2.06kB)
    Total ROM Size (Code + RO Data + RW Data)      17376 (  16.97kB)

==============================================================================

