<html>
<body>
<pre>
<h1>µVision Build Log</h1>
<h2>Project:</h2>
G:\Github projects\SpaceInvaders\SpaceInvaders.uvproj
Project File Date:  05/12/2016

<h2>Output:</h2>
Build target 'SpaceInvaders'
compiling SpaceInvaders.c...
ADC.h(4): warning:  #1-D: last line of file ends without a newline
  extern unsigned char ADC_flag;
SpaceInvaders.c: 1 warning, 0 errors
linking...
Program Size: Code=8120 RO-data=9216 RW-data=428 ZI-data=1684  
".\SpaceInvaders.axf" - 0 Error(s), 1 Warning(s).
ced
        unsigned char i, RandomShip;
graphics.c(280): warning:  #550-D: variable "Separate" was set but never used
  unsigned char i,j,Separate = 0;
graphics.c: 2 warnings, 0 errors
linking...
Program Size: Code=8096 RO-data=9216 RW-data=428 ZI-data=1684  
".\SpaceInvaders.axf" - 0 Error(s), 3 Warning(s).
