<html>
<body>
<pre>
<h1>µVision Build Log</h1>
<h2>Project:</h2>
G:\Github projects\Lab15_SpaceInvaders\SpaceInvaders.uvproj
Project File Date:  05/12/2016

<h2>Output:</h2>
Build target 'SpaceInvaders'
compiling ADC.c...
ADC.h(4): warning:  #1-D: last line of file ends without a newline
  extern unsigned char ADC_flag;
ADC.c(67): warning:  #1-D: last line of file ends without a newline
  }
ADC.c: 2 warnings, 0 errors
linking...
Program Size: Code=8120 RO-data=9216 RW-data=428 ZI-data=1684  
".\SpaceInvaders.axf" - 0 Error(s), 2 Warning(s).
</pre>
</body>
</html>

  extern unsigned char ADC_flag;
ADC.c(2): error:  #5: cannot open source input file "..//tm4c123gh6pm.h": No such file or directory
  #include "..//tm4c123gh6pm.h"
ADC.c: 1 warning, 1 error
".\SpaceInvaders.axf" - 1 Error(s), 3 Warning(s).
Target not created
4c123gh6pm.h": No such file or directory
  #include "..//tm4c123gh6pm.h"
ADC.c: 1 warning, 1 error
".\SpaceInvaders.axf" - 2 Error(s), 2 Warning(s).
Target not created
